2026-02-25T22:55:22 [1/25] START Sentinel1 2020
2026-02-25T22:55:23 CMD python -m src.ingestion.sentinel1_ingest --city Bengaluru --bbox '77.45,12.8,77.75,13.1' --start-date 2020-01-01 --end-date 2020-12-31 --scale 20
[Sentinel1] 2020-01 (1/12) ...
[Sentinel1] 2020-01 skip (exists)
[Sentinel1] 2020-02 (2/12) ...
[Sentinel1] 2020-02 skip (exists)
[Sentinel1] 2020-03 (3/12) ...
[Sentinel1] 2020-03 skip (exists)
[Sentinel1] 2020-04 (4/12) ...
[Sentinel1] 2020-04 skip (exists)
[Sentinel1] 2020-05 (5/12) ...
[Sentinel1] 2020-05 skip (exists)
[Sentinel1] 2020-06 (6/12) ...
[Sentinel1] 2020-06 skip (exists)
[Sentinel1] 2020-07 (7/12) ...
[Sentinel1] 2020-07 skip (exists)
[Sentinel1] 2020-08 (8/12) ...
[Sentinel1] 2020-08 skip (exists)
[Sentinel1] 2020-09 (9/12) ...
[Sentinel1] 2020-09 skip (exists)
[Sentinel1] 2020-10 (10/12) ...
[Sentinel1] 2020-10 skip (exists)
[Sentinel1] 2020-11 (11/12) ...
[Sentinel1] 2020-11 skip (exists)
[Sentinel1] 2020-12 (12/12) ...
[Sentinel1] 2020-12 skip (exists)
wrote 12 sentinel1 monthly GeoTIFFs
2026-02-25T22:55:43 [1/25] DONE Sentinel1 2020
2026-02-25T22:55:43 [2/25] START Sentinel2 2020
2026-02-25T22:55:43 CMD python -m src.ingestion.sentinel2_ingest --city Bengaluru --bbox '77.45,12.8,77.75,13.1' --start-date 2020-01-01 --end-date 2020-12-31 --max-cloud 40 --scale 30
[Sentinel2] 2020-01 (1/12) ...
[Sentinel2] 2020-01 skip (exists)
[Sentinel2] 2020-02 (2/12) ...
[Sentinel2] 2020-02 skip (exists)
[Sentinel2] 2020-03 (3/12) ...
[Sentinel2] 2020-03 skip (exists)
[Sentinel2] 2020-04 (4/12) ...
[Sentinel2] 2020-04 skip (exists)
[Sentinel2] 2020-05 (5/12) ...
[Sentinel2] 2020-05 skip (exists)
[Sentinel2] 2020-06 (6/12) ...
[Sentinel2] 2020-06 skip (no scenes)
[Sentinel2] 2020-07 (7/12) ...
[Sentinel2] 2020-07 skip (exists)
[Sentinel2] 2020-08 (8/12) ...
[Sentinel2] 2020-08 skip (no scenes)
[Sentinel2] 2020-09 (9/12) ...
[Sentinel2] 2020-09 skip (no scenes)
[Sentinel2] 2020-10 (10/12) ...
[Sentinel2] 2020-10 skip (exists)
[Sentinel2] 2020-11 (11/12) ...
[Sentinel2] 2020-11 skip (exists)
[Sentinel2] 2020-12 (12/12) ...
[Sentinel2] 2020-12 skip (exists)
wrote 9 sentinel2 monthly GeoTIFFs
2026-02-25T22:56:10 [2/25] DONE Sentinel2 2020
2026-02-25T22:56:10 [3/25] START Landsat 2020
2026-02-25T22:56:10 CMD python -m src.ingestion.landsat_ingest --city Bengaluru --bbox '77.45,12.8,77.75,13.1' --start-date 2020-01-01 --end-date 2020-12-31 --max-cloud 50 --scale 30
[Landsat] 2020-01 (1/12) ...
[Landsat] 2020-01 skip (exists)
[Landsat] 2020-02 (2/12) ...
[Landsat] 2020-02 skip (exists)
[Landsat] 2020-03 (3/12) ...
[Landsat] 2020-03 skip (exists)
[Landsat] 2020-04 (4/12) ...
[Landsat] 2020-04 skip (exists)
[Landsat] 2020-05 (5/12) ...
[Landsat] 2020-05 skip (exists)
[Landsat] 2020-06 (6/12) ...
[Landsat] 2020-06 skip (no scenes)
[Landsat] 2020-07 (7/12) ...
[Landsat] 2020-07 skip (exists)
[Landsat] 2020-08 (8/12) ...
[Landsat] 2020-08 skip (no scenes)
[Landsat] 2020-09 (9/12) ...
[Landsat] 2020-09 skip (exists)
[Landsat] 2020-10 (10/12) ...
[Landsat] 2020-10 skip (exists)
[Landsat] 2020-11 (11/12) ...
[Landsat] 2020-11 skip (exists)
[Landsat] 2020-12 (12/12) ...
[Landsat] 2020-12 skip (exists)
wrote 10 landsat monthly GeoTIFFs
2026-02-25T22:56:31 [3/25] DONE Landsat 2020
2026-02-25T22:56:31 [4/25] START Nightlights 2020
2026-02-25T22:56:31 CMD python -m src.ingestion.nightlights_ingest --city Bengaluru --bbox '77.45,12.8,77.75,13.1' --start-date 2020-01-01 --end-date 2020-12-31 --scale 500
[Nightlights] 2020-01 (1/12) ...
[Nightlights] 2020-01 skip (exists)
[Nightlights] 2020-02 (2/12) ...
[Nightlights] 2020-02 skip (exists)
[Nightlights] 2020-03 (3/12) ...
[Nightlights] 2020-03 skip (exists)
[Nightlights] 2020-04 (4/12) ...
[Nightlights] 2020-04 skip (exists)
[Nightlights] 2020-05 (5/12) ...
[Nightlights] 2020-05 skip (exists)
[Nightlights] 2020-06 (6/12) ...
[Nightlights] 2020-06 skip (exists)
[Nightlights] 2020-07 (7/12) ...
[Nightlights] 2020-07 skip (exists)
[Nightlights] 2020-08 (8/12) ...
[Nightlights] 2020-08 skip (exists)
[Nightlights] 2020-09 (9/12) ...
[Nightlights] 2020-09 skip (exists)
[Nightlights] 2020-10 (10/12) ...
[Nightlights] 2020-10 skip (exists)
[Nightlights] 2020-11 (11/12) ...
[Nightlights] 2020-11 skip (exists)
[Nightlights] 2020-12 (12/12) ...
[Nightlights] 2020-12 skip (exists)
wrote 12 nightlights monthly GeoTIFFs
2026-02-25T22:56:51 [4/25] DONE Nightlights 2020
2026-02-25T22:56:51 [5/25] START Population 2020
2026-02-25T22:56:51 CMD python -m src.ingestion.population_ingest --city Bengaluru --bbox '77.45,12.8,77.75,13.1' --start-date 2020-01-01 --end-date 2020-12-31 --scale 100
[Population] 2020 (1/1) ...
[Population] 2020 skip (exists)
wrote 1 population annual GeoTIFFs
2026-02-25T22:57:01 [5/25] DONE Population 2020
2026-02-25T22:57:01 [6/25] START Sentinel1 2021
2026-02-25T22:57:01 CMD python -m src.ingestion.sentinel1_ingest --city Bengaluru --bbox '77.45,12.8,77.75,13.1' --start-date 2021-01-01 --end-date 2021-12-31 --scale 20
[Sentinel1] 2021-01 (1/12) ...
[Sentinel1] 2021-01 skip (exists)
[Sentinel1] 2021-02 (2/12) ...
[Sentinel1] 2021-02 skip (exists)
[Sentinel1] 2021-03 (3/12) ...
[Sentinel1] 2021-03 skip (exists)
[Sentinel1] 2021-04 (4/12) ...
[Sentinel1] 2021-04 skip (exists)
[Sentinel1] 2021-05 (5/12) ...
[Sentinel1] 2021-05 skip (exists)
[Sentinel1] 2021-06 (6/12) ...
[Sentinel1] 2021-06 skip (exists)
[Sentinel1] 2021-07 (7/12) ...
[Sentinel1] 2021-07 skip (exists)
[Sentinel1] 2021-08 (8/12) ...
[Sentinel1] 2021-08 skip (exists)
[Sentinel1] 2021-09 (9/12) ...
[Sentinel1] 2021-09 skip (exists)
[Sentinel1] 2021-10 (10/12) ...
[Sentinel1] 2021-10 skip (exists)
[Sentinel1] 2021-11 (11/12) ...
[Sentinel1] 2021-11 skip (exists)
[Sentinel1] 2021-12 (12/12) ...
[Sentinel1] 2021-12 skip (exists)
wrote 12 sentinel1 monthly GeoTIFFs
2026-02-25T22:57:44 [6/25] DONE Sentinel1 2021
2026-02-25T22:57:44 [7/25] START Sentinel2 2021
2026-02-25T22:57:44 CMD python -m src.ingestion.sentinel2_ingest --city Bengaluru --bbox '77.45,12.8,77.75,13.1' --start-date 2021-01-01 --end-date 2021-12-31 --max-cloud 40 --scale 30
[Sentinel2] 2021-01 (1/12) ...
[Sentinel2] 2021-01 skip (exists)
[Sentinel2] 2021-02 (2/12) ...
[Sentinel2] 2021-02 skip (exists)
[Sentinel2] 2021-03 (3/12) ...
[Sentinel2] 2021-03 skip (exists)
[Sentinel2] 2021-04 (4/12) ...
[Sentinel2] 2021-04 skip (exists)
[Sentinel2] 2021-05 (5/12) ...
[Sentinel2] 2021-05 skip (exists)
[Sentinel2] 2021-06 (6/12) ...
[Sentinel2] 2021-06 skip (exists)
[Sentinel2] 2021-07 (7/12) ...
[Sentinel2] 2021-07 skip (no scenes)
[Sentinel2] 2021-08 (8/12) ...
[Sentinel2] 2021-08 skip (no scenes)
[Sentinel2] 2021-09 (9/12) ...
[Sentinel2] 2021-09 skip (no scenes)
[Sentinel2] 2021-10 (10/12) ...
[Sentinel2] 2021-10 skip (no scenes)
[Sentinel2] 2021-11 (11/12) ...
[Sentinel2] 2021-11 skip (no scenes)
[Sentinel2] 2021-12 (12/12) ...
[Sentinel2] 2021-12 skip (exists)
wrote 7 sentinel2 monthly GeoTIFFs
2026-02-25T22:59:03 [7/25] DONE Sentinel2 2021
2026-02-25T22:59:03 [8/25] START Landsat 2021
2026-02-25T22:59:03 CMD python -m src.ingestion.landsat_ingest --city Bengaluru --bbox '77.45,12.8,77.75,13.1' --start-date 2021-01-01 --end-date 2021-12-31 --max-cloud 50 --scale 30
[Landsat] 2021-01 (1/12) ...
[Landsat] 2021-01 skip (exists)
[Landsat] 2021-02 (2/12) ...
[Landsat] 2021-02 skip (exists)
[Landsat] 2021-03 (3/12) ...
[Landsat] 2021-03 skip (exists)
[Landsat] 2021-04 (4/12) ...
[Landsat] 2021-04 skip (exists)
[Landsat] 2021-05 (5/12) ...
[Landsat] 2021-05 skip (exists)
[Landsat] 2021-06 (6/12) ...
[Landsat] 2021-06 skip (no scenes)
[Landsat] 2021-07 (7/12) ...
[Landsat] 2021-07 skip (no scenes)
[Landsat] 2021-08 (8/12) ...
[Landsat] 2021-08 skip (exists)
[Landsat] 2021-09 (9/12) ...
[Landsat] 2021-09 skip (no scenes)
[Landsat] 2021-10 (10/12) ...
[Landsat] 2021-10 skip (no scenes)
[Landsat] 2021-11 (11/12) ...
[Landsat] 2021-11 skip (no scenes)
[Landsat] 2021-12 (12/12) ...
[Landsat] 2021-12 skip (exists)
wrote 7 landsat monthly GeoTIFFs
2026-02-25T22:59:29 [8/25] DONE Landsat 2021
2026-02-25T22:59:30 [9/25] START Nightlights 2021
2026-02-25T22:59:30 CMD python -m src.ingestion.nightlights_ingest --city Bengaluru --bbox '77.45,12.8,77.75,13.1' --start-date 2021-01-01 --end-date 2021-12-31 --scale 500
[Nightlights] 2021-01 (1/12) ...
[Nightlights] 2021-01 skip (exists)
[Nightlights] 2021-02 (2/12) ...
[Nightlights] 2021-02 skip (exists)
[Nightlights] 2021-03 (3/12) ...
[Nightlights] 2021-03 skip (exists)
[Nightlights] 2021-04 (4/12) ...
[Nightlights] 2021-04 skip (exists)
[Nightlights] 2021-05 (5/12) ...
[Nightlights] 2021-05 skip (exists)
[Nightlights] 2021-06 (6/12) ...
[Nightlights] 2021-06 skip (exists)
[Nightlights] 2021-07 (7/12) ...
[Nightlights] 2021-07 skip (exists)
[Nightlights] 2021-08 (8/12) ...
[Nightlights] 2021-08 skip (exists)
[Nightlights] 2021-09 (9/12) ...
[Nightlights] 2021-09 skip (exists)
[Nightlights] 2021-10 (10/12) ...
[Nightlights] 2021-10 skip (exists)
[Nightlights] 2021-11 (11/12) ...
[Nightlights] 2021-11 skip (exists)
[Nightlights] 2021-12 (12/12) ...
[Nightlights] 2021-12 skip (exists)
wrote 12 nightlights monthly GeoTIFFs
2026-02-25T22:59:53 [9/25] DONE Nightlights 2021
2026-02-25T22:59:53 [10/25] START Population 2021
2026-02-25T22:59:53 CMD python -m src.ingestion.population_ingest --city Bengaluru --bbox '77.45,12.8,77.75,13.1' --start-date 2021-01-01 --end-date 2021-12-31 --scale 100
[Population] 2021 (1/1) ...
[Population] 2021 skip (no data)
wrote 0 population annual GeoTIFFs
2026-02-25T23:00:02 [10/25] DONE Population 2021
2026-02-25T23:00:02 [11/25] START Sentinel1 2022
2026-02-25T23:00:02 CMD python -m src.ingestion.sentinel1_ingest --city Bengaluru --bbox '77.45,12.8,77.75,13.1' --start-date 2022-01-01 --end-date 2022-12-31 --scale 20
[Sentinel1] 2022-01 (1/12) ...
[Sentinel1] 2022-01 skip (exists)
[Sentinel1] 2022-02 (2/12) ...
[Sentinel1] 2022-02 skip (exists)
[Sentinel1] 2022-03 (3/12) ...
[Sentinel1] 2022-03 skip (exists)
[Sentinel1] 2022-04 (4/12) ...
[Sentinel1] 2022-04 skip (exists)
[Sentinel1] 2022-05 (5/12) ...
[Sentinel1] 2022-05 skip (exists)
[Sentinel1] 2022-06 (6/12) ...
[Sentinel1] 2022-06 skip (exists)
[Sentinel1] 2022-07 (7/12) ...
[Sentinel1] 2022-07 skip (exists)
[Sentinel1] 2022-08 (8/12) ...
[Sentinel1] 2022-08 skip (exists)
[Sentinel1] 2022-09 (9/12) ...
[Sentinel1] 2022-09 skip (exists)
[Sentinel1] 2022-10 (10/12) ...
[Sentinel1] 2022-10 skip (exists)
[Sentinel1] 2022-11 (11/12) ...
[Sentinel1] 2022-11 skip (exists)
[Sentinel1] 2022-12 (12/12) ...
[Sentinel1] 2022-12 skip (exists)
wrote 12 sentinel1 monthly GeoTIFFs
2026-02-25T23:00:30 [11/25] DONE Sentinel1 2022
2026-02-25T23:00:30 [12/25] START Sentinel2 2022
2026-02-25T23:00:30 CMD python -m src.ingestion.sentinel2_ingest --city Bengaluru --bbox '77.45,12.8,77.75,13.1' --start-date 2022-01-01 --end-date 2022-12-31 --max-cloud 40 --scale 30
[Sentinel2] 2022-01 (1/12) ...
[Sentinel2] 2022-01 skip (exists)
[Sentinel2] 2022-02 (2/12) ...
[Sentinel2] 2022-02 skip (exists)
[Sentinel2] 2022-03 (3/12) ...
[Sentinel2] 2022-03 skip (exists)
[Sentinel2] 2022-04 (4/12) ...
[Sentinel2] 2022-04 skip (exists)
[Sentinel2] 2022-05 (5/12) ...
[Sentinel2] 2022-05 skip (exists)
[Sentinel2] 2022-06 (6/12) ...
[Sentinel2] 2022-06 skip (no scenes)
[Sentinel2] 2022-07 (7/12) ...
[Sentinel2] 2022-07 skip (no scenes)
[Sentinel2] 2022-08 (8/12) ...
[Sentinel2] 2022-08 skip (exists)
[Sentinel2] 2022-09 (9/12) ...
[Sentinel2] 2022-09 skip (exists)
[Sentinel2] 2022-10 (10/12) ...
[Sentinel2] 2022-10 skip (exists)
[Sentinel2] 2022-11 (11/12) ...
[Sentinel2] 2022-11 skip (exists)
[Sentinel2] 2022-12 (12/12) ...
[Sentinel2] 2022-12 skip (exists)
wrote 10 sentinel2 monthly GeoTIFFs
2026-02-25T23:02:28 [12/25] DONE Sentinel2 2022
2026-02-25T23:02:28 [13/25] START Landsat 2022
2026-02-25T23:02:28 CMD python -m src.ingestion.landsat_ingest --city Bengaluru --bbox '77.45,12.8,77.75,13.1' --start-date 2022-01-01 --end-date 2022-12-31 --max-cloud 50 --scale 30
[Landsat] 2022-01 (1/12) ...
[Landsat] 2022-01 skip (exists)
[Landsat] 2022-02 (2/12) ...
[Landsat] 2022-02 skip (exists)
[Landsat] 2022-03 (3/12) ...
[Landsat] 2022-03 skip (exists)
[Landsat] 2022-04 (4/12) ...
[Landsat] 2022-04 skip (exists)
[Landsat] 2022-05 (5/12) ...
[Landsat] 2022-05 skip (exists)
[Landsat] 2022-06 (6/12) ...
[Landsat] 2022-06 skip (exists)
[Landsat] 2022-07 (7/12) ...
[Landsat] 2022-07 skip (no scenes)
[Landsat] 2022-08 (8/12) ...
[Landsat] 2022-08 skip (no scenes)
[Landsat] 2022-09 (9/12) ...
[Landsat] 2022-09 skip (exists)
[Landsat] 2022-10 (10/12) ...
[Landsat] 2022-10 skip (exists)
[Landsat] 2022-11 (11/12) ...
[Landsat] 2022-11 skip (exists)
[Landsat] 2022-12 (12/12) ...
[Landsat] 2022-12 skip (exists)
wrote 10 landsat monthly GeoTIFFs
2026-02-25T23:02:50 [13/25] DONE Landsat 2022
2026-02-25T23:02:50 [14/25] START Nightlights 2022
2026-02-25T23:02:50 CMD python -m src.ingestion.nightlights_ingest --city Bengaluru --bbox '77.45,12.8,77.75,13.1' --start-date 2022-01-01 --end-date 2022-12-31 --scale 500
[Nightlights] 2022-01 (1/12) ...
[Nightlights] 2022-01 skip (exists)
[Nightlights] 2022-02 (2/12) ...
[Nightlights] 2022-02 skip (exists)
[Nightlights] 2022-03 (3/12) ...
[Nightlights] 2022-03 skip (exists)
[Nightlights] 2022-04 (4/12) ...
[Nightlights] 2022-04 skip (exists)
[Nightlights] 2022-05 (5/12) ...
[Nightlights] 2022-05 skip (exists)
[Nightlights] 2022-06 (6/12) ...
[Nightlights] 2022-06 skip (exists)
[Nightlights] 2022-07 (7/12) ...
[Nightlights] 2022-07 skip (exists)
[Nightlights] 2022-08 (8/12) ...
[Nightlights] 2022-08 skip (exists)
[Nightlights] 2022-09 (9/12) ...
[Nightlights] 2022-09 skip (exists)
[Nightlights] 2022-10 (10/12) ...
[Nightlights] 2022-10 skip (exists)
[Nightlights] 2022-11 (11/12) ...
[Nightlights] 2022-11 skip (exists)
[Nightlights] 2022-12 (12/12) ...
[Nightlights] 2022-12 skip (exists)
wrote 12 nightlights monthly GeoTIFFs
2026-02-25T23:03:15 [14/25] DONE Nightlights 2022
2026-02-25T23:03:15 [15/25] START Population 2022
2026-02-25T23:03:15 CMD python -m src.ingestion.population_ingest --city Bengaluru --bbox '77.45,12.8,77.75,13.1' --start-date 2022-01-01 --end-date 2022-12-31 --scale 100
[Population] 2022 (1/1) ...
[Population] 2022 skip (no data)
wrote 0 population annual GeoTIFFs
2026-02-25T23:03:27 [15/25] DONE Population 2022
2026-02-25T23:03:27 [16/25] START Sentinel1 2023
2026-02-25T23:03:27 CMD python -m src.ingestion.sentinel1_ingest --city Bengaluru --bbox '77.45,12.8,77.75,13.1' --start-date 2023-01-01 --end-date 2023-12-31 --scale 20
[Sentinel1] 2023-01 (1/12) ...
[Sentinel1] 2023-01 skip (exists)
[Sentinel1] 2023-02 (2/12) ...
[Sentinel1] 2023-02 skip (exists)
[Sentinel1] 2023-03 (3/12) ...
[Sentinel1] 2023-03 skip (exists)
[Sentinel1] 2023-04 (4/12) ...
[Sentinel1] 2023-04 done
[Sentinel1] 2023-05 (5/12) ...
[Sentinel1] 2023-05 done
[Sentinel1] 2023-06 (6/12) ...
[Sentinel1] 2023-06 done
[Sentinel1] 2023-07 (7/12) ...
[Sentinel1] 2023-07 done
[Sentinel1] 2023-08 (8/12) ...
[Sentinel1] 2023-08 done
[Sentinel1] 2023-09 (9/12) ...
[Sentinel1] 2023-09 done
[Sentinel1] 2023-10 (10/12) ...
[Sentinel1] 2023-10 done
[Sentinel1] 2023-11 (11/12) ...
[Sentinel1] 2023-11 done
[Sentinel1] 2023-12 (12/12) ...
[Sentinel1] 2023-12 done
wrote 12 sentinel1 monthly GeoTIFFs
2026-02-25T23:05:36 [16/25] DONE Sentinel1 2023
2026-02-25T23:05:36 [17/25] START Sentinel2 2023
2026-02-25T23:05:36 CMD python -m src.ingestion.sentinel2_ingest --city Bengaluru --bbox '77.45,12.8,77.75,13.1' --start-date 2023-01-01 --end-date 2023-12-31 --max-cloud 40 --scale 30
