2026-04-30T16:51:14 [1/26] START OSM ingestion
2026-04-30T16:51:14 CMD python -m src.ingestion.osm_ingest --city Hyderabad --bbox '78.20,17.20,78.70,17.65' --start-date 2020-01-01 --end-date 2024-12-31
2026-04-30T16:51:41 [1/26] DONE OSM ingestion
2026-04-30T16:51:41 [2/26] START Sentinel1 2020
2026-04-30T16:51:41 CMD python -m src.ingestion.sentinel1_ingest --city Hyderabad --bbox '78.20,17.20,78.70,17.65' --start-date 2020-01-01 --end-date 2020-12-31 --scale 20
[Sentinel1] 2020-01 (1/12) ...
[Sentinel1] 2020-01 done
[Sentinel1] 2020-02 (2/12) ...
[Sentinel1] 2020-02 done
[Sentinel1] 2020-03 (3/12) ...
[Sentinel1] 2020-03 done
[Sentinel1] 2020-04 (4/12) ...
[Sentinel1] 2020-04 done
[Sentinel1] 2020-05 (5/12) ...
[Sentinel1] 2020-05 done
[Sentinel1] 2020-06 (6/12) ...
[Sentinel1] 2020-06 done
[Sentinel1] 2020-07 (7/12) ...
[Sentinel1] 2020-07 done
[Sentinel1] 2020-08 (8/12) ...
[Sentinel1] 2020-08 done
[Sentinel1] 2020-09 (9/12) ...
[Sentinel1] 2020-09 done
[Sentinel1] 2020-10 (10/12) ...
[Sentinel1] 2020-10 done
[Sentinel1] 2020-11 (11/12) ...
[Sentinel1] 2020-11 done
[Sentinel1] 2020-12 (12/12) ...
[Sentinel1] 2020-12 done
wrote 12 sentinel1 monthly GeoTIFFs
2026-04-30T16:55:13 [2/26] DONE Sentinel1 2020
2026-04-30T16:55:13 [3/26] START Sentinel2 2020
2026-04-30T16:55:13 CMD python -m src.ingestion.sentinel2_ingest --city Hyderabad --bbox '78.20,17.20,78.70,17.65' --start-date 2020-01-01 --end-date 2020-12-31 --max-cloud 40 --scale 20
[Sentinel2] 2020-01 (1/12) ...
2026-04-30T16:55:55 FAIL Sentinel2 2020 (exit=1)
