2026-02-25T21:09:19 Cleaning stale raw source data for fresh ingestion.
2026-02-25T21:09:20 Deleted data\raw\sentinel1\2020
2026-02-25T21:09:20 Skip missing data\raw\sentinel1\2021
2026-02-25T21:09:20 Skip missing data\raw\sentinel1\2022
2026-02-25T21:09:20 Skip missing data\raw\sentinel1\2023
2026-02-25T21:09:20 Skip missing data\raw\sentinel1\2024
2026-02-25T21:09:20 Deleted data\raw\sentinel2\2020
2026-02-25T21:09:20 Skip missing data\raw\sentinel2\2021
2026-02-25T21:09:20 Skip missing data\raw\sentinel2\2022
2026-02-25T21:09:20 Skip missing data\raw\sentinel2\2023
2026-02-25T21:09:20 Skip missing data\raw\sentinel2\2024
2026-02-25T21:09:21 Deleted data\raw\landsat\2020
2026-02-25T21:09:21 Skip missing data\raw\landsat\2021
2026-02-25T21:09:21 Skip missing data\raw\landsat\2022
2026-02-25T21:09:21 Skip missing data\raw\landsat\2023
2026-02-25T21:09:21 Skip missing data\raw\landsat\2024
2026-02-25T21:09:21 Deleted data\raw\nightlights\2020
2026-02-25T21:09:21 Skip missing data\raw\nightlights\2021
2026-02-25T21:09:21 Skip missing data\raw\nightlights\2022
2026-02-25T21:09:21 Skip missing data\raw\nightlights\2023
2026-02-25T21:09:21 Skip missing data\raw\nightlights\2024
2026-02-25T21:09:21 Deleted data\raw\population\2020
2026-02-25T21:09:21 Skip missing data\raw\population\2021
2026-02-25T21:09:21 Skip missing data\raw\population\2022
2026-02-25T21:09:21 Skip missing data\raw\population\2023
2026-02-25T21:09:21 Skip missing data\raw\population\2024
2026-02-25T21:09:22 [1/25] START Sentinel1 2020
2026-02-25T21:09:22 CMD python -m src.ingestion.sentinel1_ingest --city Bengaluru --bbox '77.45,12.8,77.75,13.1' --start-date 2020-01-01 --end-date 2020-12-31 --scale 20
[Sentinel1] 2020-01 (1/12) ...
[Sentinel1] 2020-01 done
[Sentinel1] 2020-02 (2/12) ...
[Sentinel1] 2020-02 done
[Sentinel1] 2020-03 (3/12) ...
[Sentinel1] 2020-03 done
[Sentinel1] 2020-04 (4/12) ...
[Sentinel1] 2020-04 done
[Sentinel1] 2020-05 (5/12) ...
[Sentinel1] 2020-05 done
[Sentinel1] 2020-06 (6/12) ...
[Sentinel1] 2020-06 done
[Sentinel1] 2020-07 (7/12) ...
[Sentinel1] 2020-07 done
[Sentinel1] 2020-08 (8/12) ...
[Sentinel1] 2020-08 done
[Sentinel1] 2020-09 (9/12) ...
[Sentinel1] 2020-09 done
[Sentinel1] 2020-10 (10/12) ...
[Sentinel1] 2020-10 done
[Sentinel1] 2020-11 (11/12) ...
[Sentinel1] 2020-11 done
[Sentinel1] 2020-12 (12/12) ...
[Sentinel1] 2020-12 done
wrote 12 sentinel1 monthly GeoTIFFs
2026-02-25T21:16:49 [1/25] DONE Sentinel1 2020
2026-02-25T21:16:50 [2/25] START Sentinel2 2020
2026-02-25T21:16:51 CMD python -m src.ingestion.sentinel2_ingest --city Bengaluru --bbox '77.45,12.8,77.75,13.1' --start-date 2020-01-01 --end-date 2020-12-31 --max-cloud 40 --scale 30
[Sentinel2] 2020-01 (1/12) ...
[Sentinel2] 2020-01 done
[Sentinel2] 2020-02 (2/12) ...
[Sentinel2] 2020-02 done
[Sentinel2] 2020-03 (3/12) ...
[Sentinel2] 2020-03 done
[Sentinel2] 2020-04 (4/12) ...
[Sentinel2] 2020-04 done
[Sentinel2] 2020-05 (5/12) ...
[Sentinel2] 2020-05 done
[Sentinel2] 2020-06 (6/12) ...
[Sentinel2] 2020-06 skip (no scenes)
[Sentinel2] 2020-07 (7/12) ...
[Sentinel2] 2020-07 done
[Sentinel2] 2020-08 (8/12) ...
[Sentinel2] 2020-08 skip (no scenes)
[Sentinel2] 2020-09 (9/12) ...
[Sentinel2] 2020-09 skip (no scenes)
[Sentinel2] 2020-10 (10/12) ...
[Sentinel2] 2020-10 done
[Sentinel2] 2020-11 (11/12) ...
[Sentinel2] 2020-11 done
[Sentinel2] 2020-12 (12/12) ...
[Sentinel2] 2020-12 done
wrote 9 sentinel2 monthly GeoTIFFs
2026-02-25T21:24:32 [2/25] DONE Sentinel2 2020
2026-02-25T21:24:32 [3/25] START Landsat 2020
2026-02-25T21:24:32 CMD python -m src.ingestion.landsat_ingest --city Bengaluru --bbox '77.45,12.8,77.75,13.1' --start-date 2020-01-01 --end-date 2020-12-31 --max-cloud 50 --scale 30
[Landsat] 2020-01 (1/12) ...
[Landsat] 2020-01 done
[Landsat] 2020-02 (2/12) ...
[Landsat] 2020-02 done
[Landsat] 2020-03 (3/12) ...
[Landsat] 2020-03 done
[Landsat] 2020-04 (4/12) ...
[Landsat] 2020-04 done
[Landsat] 2020-05 (5/12) ...
[Landsat] 2020-05 done
[Landsat] 2020-06 (6/12) ...
[Landsat] 2020-06 skip (no scenes)
[Landsat] 2020-07 (7/12) ...
[Landsat] 2020-07 done
[Landsat] 2020-08 (8/12) ...
[Landsat] 2020-08 skip (no scenes)
[Landsat] 2020-09 (9/12) ...
[Landsat] 2020-09 done
[Landsat] 2020-10 (10/12) ...
[Landsat] 2020-10 done
[Landsat] 2020-11 (11/12) ...
[Landsat] 2020-11 done
[Landsat] 2020-12 (12/12) ...
[Landsat] 2020-12 done
wrote 10 landsat monthly GeoTIFFs
2026-02-25T21:27:05 [3/25] DONE Landsat 2020
2026-02-25T21:27:05 [4/25] START Nightlights 2020
2026-02-25T21:27:05 CMD python -m src.ingestion.nightlights_ingest --city Bengaluru --bbox '77.45,12.8,77.75,13.1' --start-date 2020-01-01 --end-date 2020-12-31 --scale 500
[Nightlights] 2020-01 (1/12) ...
[Nightlights] 2020-01 done
[Nightlights] 2020-02 (2/12) ...
[Nightlights] 2020-02 done
[Nightlights] 2020-03 (3/12) ...
[Nightlights] 2020-03 done
[Nightlights] 2020-04 (4/12) ...
[Nightlights] 2020-04 done
[Nightlights] 2020-05 (5/12) ...
[Nightlights] 2020-05 done
[Nightlights] 2020-06 (6/12) ...
[Nightlights] 2020-06 done
[Nightlights] 2020-07 (7/12) ...
[Nightlights] 2020-07 done
[Nightlights] 2020-08 (8/12) ...
[Nightlights] 2020-08 done
[Nightlights] 2020-09 (9/12) ...
[Nightlights] 2020-09 done
[Nightlights] 2020-10 (10/12) ...
[Nightlights] 2020-10 done
[Nightlights] 2020-11 (11/12) ...
[Nightlights] 2020-11 done
[Nightlights] 2020-12 (12/12) ...
[Nightlights] 2020-12 done
wrote 12 nightlights monthly GeoTIFFs
2026-02-25T21:29:53 [4/25] DONE Nightlights 2020
2026-02-25T21:29:53 [5/25] START Population 2020
2026-02-25T21:29:53 CMD python -m src.ingestion.population_ingest --city Bengaluru --bbox '77.45,12.8,77.75,13.1' --start-date 2020-01-01 --end-date 2020-12-31 --scale 100
[Population] 2020 (1/1) ...
[Population] 2020 done
wrote 1 population annual GeoTIFFs
2026-02-25T21:30:23 [5/25] DONE Population 2020
2026-02-25T21:30:23 [6/25] START Sentinel1 2021
2026-02-25T21:30:23 CMD python -m src.ingestion.sentinel1_ingest --city Bengaluru --bbox '77.45,12.8,77.75,13.1' --start-date 2021-01-01 --end-date 2021-12-31 --scale 20
[Sentinel1] 2021-01 (1/12) ...
[Sentinel1] 2021-01 done
[Sentinel1] 2021-02 (2/12) ...
[Sentinel1] 2021-02 done
[Sentinel1] 2021-03 (3/12) ...
[Sentinel1] 2021-03 done
[Sentinel1] 2021-04 (4/12) ...
[Sentinel1] 2021-04 done
[Sentinel1] 2021-05 (5/12) ...
[Sentinel1] 2021-05 done
[Sentinel1] 2021-06 (6/12) ...
[Sentinel1] 2021-06 done
[Sentinel1] 2021-07 (7/12) ...
[Sentinel1] 2021-07 done
[Sentinel1] 2021-08 (8/12) ...
[Sentinel1] 2021-08 done
[Sentinel1] 2021-09 (9/12) ...
[Sentinel1] 2021-09 done
[Sentinel1] 2021-10 (10/12) ...
[Sentinel1] 2021-10 done
[Sentinel1] 2021-11 (11/12) ...
[Sentinel1] 2021-11 done
[Sentinel1] 2021-12 (12/12) ...
[Sentinel1] 2021-12 done
wrote 12 sentinel1 monthly GeoTIFFs
2026-02-25T21:33:33 [6/25] DONE Sentinel1 2021
2026-02-25T21:33:33 [7/25] START Sentinel2 2021
2026-02-25T21:33:33 CMD python -m src.ingestion.sentinel2_ingest --city Bengaluru --bbox '77.45,12.8,77.75,13.1' --start-date 2021-01-01 --end-date 2021-12-31 --max-cloud 40 --scale 30
[Sentinel2] 2021-01 (1/12) ...
[Sentinel2] 2021-01 done
[Sentinel2] 2021-02 (2/12) ...
[Sentinel2] 2021-02 done
[Sentinel2] 2021-03 (3/12) ...
[Sentinel2] 2021-03 done
[Sentinel2] 2021-04 (4/12) ...
[Sentinel2] 2021-04 done
[Sentinel2] 2021-05 (5/12) ...
[Sentinel2] 2021-05 done
[Sentinel2] 2021-06 (6/12) ...
[Sentinel2] 2021-06 done
[Sentinel2] 2021-07 (7/12) ...
[Sentinel2] 2021-07 skip (no scenes)
[Sentinel2] 2021-08 (8/12) ...
[Sentinel2] 2021-08 skip (no scenes)
[Sentinel2] 2021-09 (9/12) ...
[Sentinel2] 2021-09 skip (no scenes)
[Sentinel2] 2021-10 (10/12) ...
[Sentinel2] 2021-10 skip (no scenes)
[Sentinel2] 2021-11 (11/12) ...
[Sentinel2] 2021-11 skip (no scenes)
[Sentinel2] 2021-12 (12/12) ...
[Sentinel2] 2021-12 done
wrote 7 sentinel2 monthly GeoTIFFs
2026-02-25T21:39:13 [7/25] DONE Sentinel2 2021
2026-02-25T21:39:13 [8/25] START Landsat 2021
2026-02-25T21:39:13 CMD python -m src.ingestion.landsat_ingest --city Bengaluru --bbox '77.45,12.8,77.75,13.1' --start-date 2021-01-01 --end-date 2021-12-31 --max-cloud 50 --scale 30
[Landsat] 2021-01 (1/12) ...
[Landsat] 2021-01 done
[Landsat] 2021-02 (2/12) ...
[Landsat] 2021-02 done
[Landsat] 2021-03 (3/12) ...
[Landsat] 2021-03 done
[Landsat] 2021-04 (4/12) ...
[Landsat] 2021-04 done
[Landsat] 2021-05 (5/12) ...
[Landsat] 2021-05 done
[Landsat] 2021-06 (6/12) ...
[Landsat] 2021-06 skip (no scenes)
[Landsat] 2021-07 (7/12) ...
[Landsat] 2021-07 skip (no scenes)
[Landsat] 2021-08 (8/12) ...
[Landsat] 2021-08 done
[Landsat] 2021-09 (9/12) ...
[Landsat] 2021-09 skip (no scenes)
[Landsat] 2021-10 (10/12) ...
[Landsat] 2021-10 skip (no scenes)
[Landsat] 2021-11 (11/12) ...
[Landsat] 2021-11 skip (no scenes)
[Landsat] 2021-12 (12/12) ...
[Landsat] 2021-12 done
wrote 7 landsat monthly GeoTIFFs
2026-02-25T21:41:37 [8/25] DONE Landsat 2021
2026-02-25T21:41:37 [9/25] START Nightlights 2021
2026-02-25T21:41:37 CMD python -m src.ingestion.nightlights_ingest --city Bengaluru --bbox '77.45,12.8,77.75,13.1' --start-date 2021-01-01 --end-date 2021-12-31 --scale 500
[Nightlights] 2021-01 (1/12) ...
[Nightlights] 2021-01 done
[Nightlights] 2021-02 (2/12) ...
[Nightlights] 2021-02 done
[Nightlights] 2021-03 (3/12) ...
[Nightlights] 2021-03 done
[Nightlights] 2021-04 (4/12) ...
[Nightlights] 2021-04 done
[Nightlights] 2021-05 (5/12) ...
[Nightlights] 2021-05 done
[Nightlights] 2021-06 (6/12) ...
[Nightlights] 2021-06 done
[Nightlights] 2021-07 (7/12) ...
[Nightlights] 2021-07 done
[Nightlights] 2021-08 (8/12) ...
[Nightlights] 2021-08 done
[Nightlights] 2021-09 (9/12) ...
[Nightlights] 2021-09 done
[Nightlights] 2021-10 (10/12) ...
[Nightlights] 2021-10 done
[Nightlights] 2021-11 (11/12) ...
[Nightlights] 2021-11 done
[Nightlights] 2021-12 (12/12) ...
[Nightlights] 2021-12 done
wrote 12 nightlights monthly GeoTIFFs
2026-02-25T21:43:46 [9/25] DONE Nightlights 2021
2026-02-25T21:43:46 [10/25] START Population 2021
2026-02-25T21:43:46 CMD python -m src.ingestion.population_ingest --city Bengaluru --bbox '77.45,12.8,77.75,13.1' --start-date 2021-01-01 --end-date 2021-12-31 --scale 100
[Population] 2021 (1/1) ...
[Population] 2021 skip (no data)
wrote 0 population annual GeoTIFFs
2026-02-25T21:44:37 [10/25] DONE Population 2021
2026-02-25T21:44:38 [11/25] START Sentinel1 2022
2026-02-25T21:44:38 CMD python -m src.ingestion.sentinel1_ingest --city Bengaluru --bbox '77.45,12.8,77.75,13.1' --start-date 2022-01-01 --end-date 2022-12-31 --scale 20
[Sentinel1] 2022-01 (1/12) ...
[Sentinel1] 2022-01 done
[Sentinel1] 2022-02 (2/12) ...
[Sentinel1] 2022-02 done
[Sentinel1] 2022-03 (3/12) ...
[Sentinel1] 2022-03 done
[Sentinel1] 2022-04 (4/12) ...
[Sentinel1] 2022-04 done
[Sentinel1] 2022-05 (5/12) ...
[Sentinel1] 2022-05 done
[Sentinel1] 2022-06 (6/12) ...
[Sentinel1] 2022-06 done
[Sentinel1] 2022-07 (7/12) ...
[Sentinel1] 2022-07 done
[Sentinel1] 2022-08 (8/12) ...
[Sentinel1] 2022-08 done
[Sentinel1] 2022-09 (9/12) ...
[Sentinel1] 2022-09 done
[Sentinel1] 2022-10 (10/12) ...
[Sentinel1] 2022-10 done
[Sentinel1] 2022-11 (11/12) ...
[Sentinel1] 2022-11 done
[Sentinel1] 2022-12 (12/12) ...
[Sentinel1] 2022-12 done
wrote 12 sentinel1 monthly GeoTIFFs
2026-02-25T21:49:46 [11/25] DONE Sentinel1 2022
2026-02-25T21:49:46 [12/25] START Sentinel2 2022
2026-02-25T21:49:46 CMD python -m src.ingestion.sentinel2_ingest --city Bengaluru --bbox '77.45,12.8,77.75,13.1' --start-date 2022-01-01 --end-date 2022-12-31 --max-cloud 40 --scale 30
[Sentinel2] 2022-01 (1/12) ...
[Sentinel2] 2022-01 done
[Sentinel2] 2022-02 (2/12) ...
[Sentinel2] 2022-02 done
[Sentinel2] 2022-03 (3/12) ...
[Sentinel2] 2022-03 done
[Sentinel2] 2022-04 (4/12) ...
[Sentinel2] 2022-04 done
[Sentinel2] 2022-05 (5/12) ...
[Sentinel2] 2022-05 done
[Sentinel2] 2022-06 (6/12) ...
[Sentinel2] 2022-06 skip (no scenes)
[Sentinel2] 2022-07 (7/12) ...
[Sentinel2] 2022-07 skip (no scenes)
[Sentinel2] 2022-08 (8/12) ...
[Sentinel2] 2022-08 done
[Sentinel2] 2022-09 (9/12) ...
[Sentinel2] 2022-09 done
[Sentinel2] 2022-10 (10/12) ...
[Sentinel2] 2022-10 done
[Sentinel2] 2022-11 (11/12) ...
[Sentinel2] 2022-11 done
[Sentinel2] 2022-12 (12/12) ...
[Sentinel2] 2022-12 done
wrote 10 sentinel2 monthly GeoTIFFs
2026-02-25T21:58:26 [12/25] DONE Sentinel2 2022
2026-02-25T21:58:27 [13/25] START Landsat 2022
2026-02-25T21:58:27 CMD python -m src.ingestion.landsat_ingest --city Bengaluru --bbox '77.45,12.8,77.75,13.1' --start-date 2022-01-01 --end-date 2022-12-31 --max-cloud 50 --scale 30
[Landsat] 2022-01 (1/12) ...
[Landsat] 2022-01 done
[Landsat] 2022-02 (2/12) ...
[Landsat] 2022-02 done
[Landsat] 2022-03 (3/12) ...
[Landsat] 2022-03 done
[Landsat] 2022-04 (4/12) ...
[Landsat] 2022-04 done
[Landsat] 2022-05 (5/12) ...
2026-02-25T22:01:57 FAIL Landsat 2022 (exit=1)
