2026-04-30T16:58:40 [1/26] START OSM ingestion
2026-04-30T16:58:41 CMD python -m src.ingestion.osm_ingest --city Hyderabad --bbox '78.20,17.20,78.70,17.65' --start-date 2020-01-01 --end-date 2024-12-31
2026-04-30T16:59:14 [1/26] DONE OSM ingestion
2026-04-30T16:59:14 [2/26] START Sentinel1 2020
2026-04-30T16:59:14 CMD python -m src.ingestion.sentinel1_ingest --city Hyderabad --bbox '78.20,17.20,78.70,17.65' --start-date 2020-01-01 --end-date 2020-12-31 --scale 20
[Sentinel1] 2020-01 (1/12) ...
[Sentinel1] 2020-01 skip (exists)
[Sentinel1] 2020-02 (2/12) ...
[Sentinel1] 2020-02 skip (exists)
[Sentinel1] 2020-03 (3/12) ...
[Sentinel1] 2020-03 skip (exists)
[Sentinel1] 2020-04 (4/12) ...
[Sentinel1] 2020-04 skip (exists)
[Sentinel1] 2020-05 (5/12) ...
[Sentinel1] 2020-05 skip (exists)
[Sentinel1] 2020-06 (6/12) ...
[Sentinel1] 2020-06 skip (exists)
[Sentinel1] 2020-07 (7/12) ...
[Sentinel1] 2020-07 skip (exists)
[Sentinel1] 2020-08 (8/12) ...
[Sentinel1] 2020-08 skip (exists)
[Sentinel1] 2020-09 (9/12) ...
[Sentinel1] 2020-09 skip (exists)
[Sentinel1] 2020-10 (10/12) ...
[Sentinel1] 2020-10 skip (exists)
[Sentinel1] 2020-11 (11/12) ...
[Sentinel1] 2020-11 skip (exists)
[Sentinel1] 2020-12 (12/12) ...
[Sentinel1] 2020-12 skip (exists)
wrote 12 sentinel1 monthly GeoTIFFs
2026-04-30T16:59:32 [2/26] DONE Sentinel1 2020
2026-04-30T16:59:32 [3/26] START Sentinel2 2020
2026-04-30T16:59:32 CMD python -m src.ingestion.sentinel2_ingest --city Hyderabad --bbox '78.20,17.20,78.70,17.65' --start-date 2020-01-01 --end-date 2020-12-31 --max-cloud 40 --scale 20
[Sentinel2] 2020-01 (1/12) ...
[Sentinel2] 2020-01 done
[Sentinel2] 2020-02 (2/12) ...
[Sentinel2] 2020-02 done
[Sentinel2] 2020-03 (3/12) ...
[Sentinel2] 2020-03 done
[Sentinel2] 2020-04 (4/12) ...
[Sentinel2] 2020-04 done
[Sentinel2] 2020-05 (5/12) ...
[Sentinel2] 2020-05 done
[Sentinel2] 2020-06 (6/12) ...
[Sentinel2] 2020-06 done
[Sentinel2] 2020-07 (7/12) ...
[Sentinel2] 2020-07 done
[Sentinel2] 2020-08 (8/12) ...
[Sentinel2] 2020-08 done
[Sentinel2] 2020-09 (9/12) ...
[Sentinel2] 2020-09 skip (no scenes)
[Sentinel2] 2020-10 (10/12) ...
[Sentinel2] 2020-10 done
[Sentinel2] 2020-11 (11/12) ...
[Sentinel2] 2020-11 done
[Sentinel2] 2020-12 (12/12) ...
[Sentinel2] 2020-12 done
wrote 11 sentinel2 monthly GeoTIFFs
2026-04-30T17:11:26 [3/26] DONE Sentinel2 2020
2026-04-30T17:11:26 [4/26] START Landsat 2020
2026-04-30T17:11:26 CMD python -m src.ingestion.landsat_ingest --city Hyderabad --bbox '78.20,17.20,78.70,17.65' --start-date 2020-01-01 --end-date 2020-12-31 --max-cloud 50 --scale 30
[Landsat] 2020-01 (1/12) ...
[Landsat] 2020-01 done
[Landsat] 2020-02 (2/12) ...
[Landsat] 2020-02 done
[Landsat] 2020-03 (3/12) ...
[Landsat] 2020-03 done
[Landsat] 2020-04 (4/12) ...
[Landsat] 2020-04 done
[Landsat] 2020-05 (5/12) ...
[Landsat] 2020-05 done
[Landsat] 2020-06 (6/12) ...
[Landsat] 2020-06 skip (no scenes)
[Landsat] 2020-07 (7/12) ...
[Landsat] 2020-07 done
[Landsat] 2020-08 (8/12) ...
[Landsat] 2020-08 skip (no scenes)
[Landsat] 2020-09 (9/12) ...
[Landsat] 2020-09 done
[Landsat] 2020-10 (10/12) ...
[Landsat] 2020-10 done
[Landsat] 2020-11 (11/12) ...
[Landsat] 2020-11 done
[Landsat] 2020-12 (12/12) ...
[Landsat] 2020-12 done
wrote 10 landsat monthly GeoTIFFs
2026-04-30T17:17:58 [4/26] DONE Landsat 2020
2026-04-30T17:17:58 [5/26] START Nightlights 2020
2026-04-30T17:17:58 CMD python -m src.ingestion.nightlights_ingest --city Hyderabad --bbox '78.20,17.20,78.70,17.65' --start-date 2020-01-01 --end-date 2020-12-31 --scale 500
[Nightlights] 2020-01 (1/12) ...
[Nightlights] 2020-01 done
[Nightlights] 2020-02 (2/12) ...
[Nightlights] 2020-02 done
[Nightlights] 2020-03 (3/12) ...
[Nightlights] 2020-03 done
[Nightlights] 2020-04 (4/12) ...
[Nightlights] 2020-04 done
[Nightlights] 2020-05 (5/12) ...
[Nightlights] 2020-05 done
[Nightlights] 2020-06 (6/12) ...
[Nightlights] 2020-06 done
[Nightlights] 2020-07 (7/12) ...
[Nightlights] 2020-07 done
[Nightlights] 2020-08 (8/12) ...
[Nightlights] 2020-08 done
[Nightlights] 2020-09 (9/12) ...
[Nightlights] 2020-09 done
[Nightlights] 2020-10 (10/12) ...
[Nightlights] 2020-10 done
[Nightlights] 2020-11 (11/12) ...
[Nightlights] 2020-11 done
[Nightlights] 2020-12 (12/12) ...
[Nightlights] 2020-12 done
wrote 12 nightlights monthly GeoTIFFs
2026-04-30T17:18:53 [5/26] DONE Nightlights 2020
2026-04-30T17:18:53 [6/26] START Population 2020
2026-04-30T17:18:53 CMD python -m src.ingestion.population_ingest --city Hyderabad --bbox '78.20,17.20,78.70,17.65' --start-date 2020-01-01 --end-date 2020-12-31 --scale 100
[Population] 2020 (1/1) ...
[Population] 2020 done
wrote 1 population annual GeoTIFFs
2026-04-30T17:19:07 [6/26] DONE Population 2020
2026-04-30T17:19:07 [7/26] START Sentinel1 2021
2026-04-30T17:19:07 CMD python -m src.ingestion.sentinel1_ingest --city Hyderabad --bbox '78.20,17.20,78.70,17.65' --start-date 2021-01-01 --end-date 2021-12-31 --scale 20
[Sentinel1] 2021-01 (1/12) ...
[Sentinel1] 2021-01 done
[Sentinel1] 2021-02 (2/12) ...
[Sentinel1] 2021-02 done
[Sentinel1] 2021-03 (3/12) ...
[Sentinel1] 2021-03 done
[Sentinel1] 2021-04 (4/12) ...
[Sentinel1] 2021-04 done
[Sentinel1] 2021-05 (5/12) ...
[Sentinel1] 2021-05 done
[Sentinel1] 2021-06 (6/12) ...
[Sentinel1] 2021-06 done
[Sentinel1] 2021-07 (7/12) ...
[Sentinel1] 2021-07 done
[Sentinel1] 2021-08 (8/12) ...
[Sentinel1] 2021-08 done
[Sentinel1] 2021-09 (9/12) ...
[Sentinel1] 2021-09 done
[Sentinel1] 2021-10 (10/12) ...
[Sentinel1] 2021-10 done
[Sentinel1] 2021-11 (11/12) ...
[Sentinel1] 2021-11 done
[Sentinel1] 2021-12 (12/12) ...
[Sentinel1] 2021-12 done
wrote 12 sentinel1 monthly GeoTIFFs
2026-04-30T17:29:37 [7/26] DONE Sentinel1 2021
2026-04-30T17:29:37 [8/26] START Sentinel2 2021
2026-04-30T17:29:37 CMD python -m src.ingestion.sentinel2_ingest --city Hyderabad --bbox '78.20,17.20,78.70,17.65' --start-date 2021-01-01 --end-date 2021-12-31 --max-cloud 40 --scale 20
[Sentinel2] 2021-01 (1/12) ...
[Sentinel2] 2021-01 done
[Sentinel2] 2021-02 (2/12) ...
[Sentinel2] 2021-02 done
[Sentinel2] 2021-03 (3/12) ...
[Sentinel2] 2021-03 done
[Sentinel2] 2021-04 (4/12) ...
[Sentinel2] 2021-04 done
[Sentinel2] 2021-05 (5/12) ...
[Sentinel2] 2021-05 done
[Sentinel2] 2021-06 (6/12) ...
[Sentinel2] 2021-06 done
[Sentinel2] 2021-07 (7/12) ...
[Sentinel2] 2021-07 done
[Sentinel2] 2021-08 (8/12) ...
[Sentinel2] 2021-08 skip (no scenes)
[Sentinel2] 2021-09 (9/12) ...
[Sentinel2] 2021-09 done
[Sentinel2] 2021-10 (10/12) ...
[Sentinel2] 2021-10 done
[Sentinel2] 2021-11 (11/12) ...
[Sentinel2] 2021-11 done
[Sentinel2] 2021-12 (12/12) ...
[Sentinel2] 2021-12 done
wrote 11 sentinel2 monthly GeoTIFFs
2026-04-30T17:40:27 [8/26] DONE Sentinel2 2021
2026-04-30T17:40:27 [9/26] START Landsat 2021
2026-04-30T17:40:27 CMD python -m src.ingestion.landsat_ingest --city Hyderabad --bbox '78.20,17.20,78.70,17.65' --start-date 2021-01-01 --end-date 2021-12-31 --max-cloud 50 --scale 30
[Landsat] 2021-01 (1/12) ...
[Landsat] 2021-01 done
[Landsat] 2021-02 (2/12) ...
[Landsat] 2021-02 done
[Landsat] 2021-03 (3/12) ...
[Landsat] 2021-03 done
[Landsat] 2021-04 (4/12) ...
[Landsat] 2021-04 done
[Landsat] 2021-05 (5/12) ...
[Landsat] 2021-05 done
[Landsat] 2021-06 (6/12) ...
[Landsat] 2021-06 done
[Landsat] 2021-07 (7/12) ...
[Landsat] 2021-07 skip (no scenes)
[Landsat] 2021-08 (8/12) ...
[Landsat] 2021-08 done
[Landsat] 2021-09 (9/12) ...
[Landsat] 2021-09 skip (no scenes)
[Landsat] 2021-10 (10/12) ...
[Landsat] 2021-10 done
[Landsat] 2021-11 (11/12) ...
[Landsat] 2021-11 done
[Landsat] 2021-12 (12/12) ...
[Landsat] 2021-12 done
wrote 10 landsat monthly GeoTIFFs
2026-04-30T17:42:32 [9/26] DONE Landsat 2021
2026-04-30T17:42:32 [10/26] START Nightlights 2021
2026-04-30T17:42:32 CMD python -m src.ingestion.nightlights_ingest --city Hyderabad --bbox '78.20,17.20,78.70,17.65' --start-date 2021-01-01 --end-date 2021-12-31 --scale 500
[Nightlights] 2021-01 (1/12) ...
[Nightlights] 2021-01 done
[Nightlights] 2021-02 (2/12) ...
[Nightlights] 2021-02 done
[Nightlights] 2021-03 (3/12) ...
[Nightlights] 2021-03 done
[Nightlights] 2021-04 (4/12) ...
[Nightlights] 2021-04 done
[Nightlights] 2021-05 (5/12) ...
[Nightlights] 2021-05 done
[Nightlights] 2021-06 (6/12) ...
[Nightlights] 2021-06 done
[Nightlights] 2021-07 (7/12) ...
[Nightlights] 2021-07 done
[Nightlights] 2021-08 (8/12) ...
[Nightlights] 2021-08 done
[Nightlights] 2021-09 (9/12) ...
[Nightlights] 2021-09 done
[Nightlights] 2021-10 (10/12) ...
[Nightlights] 2021-10 done
[Nightlights] 2021-11 (11/12) ...
[Nightlights] 2021-11 done
[Nightlights] 2021-12 (12/12) ...
[Nightlights] 2021-12 done
wrote 12 nightlights monthly GeoTIFFs
2026-04-30T17:43:17 [10/26] DONE Nightlights 2021
2026-04-30T17:43:17 [11/26] START Population 2021
2026-04-30T17:43:17 CMD python -m src.ingestion.population_ingest --city Hyderabad --bbox '78.20,17.20,78.70,17.65' --start-date 2021-01-01 --end-date 2021-12-31 --scale 100
[Population] 2021 (1/1) ...
[Population] 2021 skip (no data)
wrote 0 population annual GeoTIFFs
2026-04-30T17:43:27 [11/26] DONE Population 2021
2026-04-30T17:43:27 [12/26] START Sentinel1 2022
2026-04-30T17:43:27 CMD python -m src.ingestion.sentinel1_ingest --city Hyderabad --bbox '78.20,17.20,78.70,17.65' --start-date 2022-01-01 --end-date 2022-12-31 --scale 20
[Sentinel1] 2022-01 (1/12) ...
[Sentinel1] 2022-01 done
[Sentinel1] 2022-02 (2/12) ...
[Sentinel1] 2022-02 done
[Sentinel1] 2022-03 (3/12) ...
[Sentinel1] 2022-03 done
[Sentinel1] 2022-04 (4/12) ...
[Sentinel1] 2022-04 done
[Sentinel1] 2022-05 (5/12) ...
[Sentinel1] 2022-05 done
[Sentinel1] 2022-06 (6/12) ...
[Sentinel1] 2022-06 done
[Sentinel1] 2022-07 (7/12) ...
[Sentinel1] 2022-07 done
[Sentinel1] 2022-08 (8/12) ...
[Sentinel1] 2022-08 done
[Sentinel1] 2022-09 (9/12) ...
[Sentinel1] 2022-09 done
[Sentinel1] 2022-10 (10/12) ...
[Sentinel1] 2022-10 done
[Sentinel1] 2022-11 (11/12) ...
[Sentinel1] 2022-11 done
[Sentinel1] 2022-12 (12/12) ...
[Sentinel1] 2022-12 done
wrote 12 sentinel1 monthly GeoTIFFs
2026-04-30T17:47:07 [12/26] DONE Sentinel1 2022
2026-04-30T17:47:07 [13/26] START Sentinel2 2022
2026-04-30T17:47:07 CMD python -m src.ingestion.sentinel2_ingest --city Hyderabad --bbox '78.20,17.20,78.70,17.65' --start-date 2022-01-01 --end-date 2022-12-31 --max-cloud 40 --scale 20
[Sentinel2] 2022-01 (1/12) ...
[Sentinel2] 2022-01 done
[Sentinel2] 2022-02 (2/12) ...
[Sentinel2] 2022-02 done
[Sentinel2] 2022-03 (3/12) ...
[Sentinel2] 2022-03 done
[Sentinel2] 2022-04 (4/12) ...
[Sentinel2] 2022-04 done
[Sentinel2] 2022-05 (5/12) ...
[Sentinel2] 2022-05 done
[Sentinel2] 2022-06 (6/12) ...
[Sentinel2] 2022-06 done
[Sentinel2] 2022-07 (7/12) ...
[Sentinel2] 2022-07 skip (no scenes)
[Sentinel2] 2022-08 (8/12) ...
[Sentinel2] 2022-08 done
[Sentinel2] 2022-09 (9/12) ...
[Sentinel2] 2022-09 skip (no scenes)
[Sentinel2] 2022-10 (10/12) ...
[Sentinel2] 2022-10 done
[Sentinel2] 2022-11 (11/12) ...
[Sentinel2] 2022-11 done
[Sentinel2] 2022-12 (12/12) ...
[Sentinel2] 2022-12 done
wrote 10 sentinel2 monthly GeoTIFFs
2026-04-30T17:56:55 [13/26] DONE Sentinel2 2022
2026-04-30T17:56:55 [14/26] START Landsat 2022
2026-04-30T17:56:55 CMD python -m src.ingestion.landsat_ingest --city Hyderabad --bbox '78.20,17.20,78.70,17.65' --start-date 2022-01-01 --end-date 2022-12-31 --max-cloud 50 --scale 30
[Landsat] 2022-01 (1/12) ...
[Landsat] 2022-01 done
[Landsat] 2022-02 (2/12) ...
[Landsat] 2022-02 done
[Landsat] 2022-03 (3/12) ...
[Landsat] 2022-03 done
[Landsat] 2022-04 (4/12) ...
[Landsat] 2022-04 done
[Landsat] 2022-05 (5/12) ...
[Landsat] 2022-05 done
[Landsat] 2022-06 (6/12) ...
[Landsat] 2022-06 done
[Landsat] 2022-07 (7/12) ...
[Landsat] 2022-07 done
[Landsat] 2022-08 (8/12) ...
[Landsat] 2022-08 skip (no scenes)
[Landsat] 2022-09 (9/12) ...
[Landsat] 2022-09 done
[Landsat] 2022-10 (10/12) ...
[Landsat] 2022-10 done
[Landsat] 2022-11 (11/12) ...
[Landsat] 2022-11 done
[Landsat] 2022-12 (12/12) ...
[Landsat] 2022-12 done
wrote 11 landsat monthly GeoTIFFs
2026-04-30T17:58:50 [14/26] DONE Landsat 2022
2026-04-30T17:58:50 [15/26] START Nightlights 2022
2026-04-30T17:58:50 CMD python -m src.ingestion.nightlights_ingest --city Hyderabad --bbox '78.20,17.20,78.70,17.65' --start-date 2022-01-01 --end-date 2022-12-31 --scale 500
[Nightlights] 2022-01 (1/12) ...
[Nightlights] 2022-01 done
[Nightlights] 2022-02 (2/12) ...
[Nightlights] 2022-02 done
[Nightlights] 2022-03 (3/12) ...
[Nightlights] 2022-03 done
[Nightlights] 2022-04 (4/12) ...
[Nightlights] 2022-04 done
[Nightlights] 2022-05 (5/12) ...
[Nightlights] 2022-05 done
[Nightlights] 2022-06 (6/12) ...
[Nightlights] 2022-06 done
[Nightlights] 2022-07 (7/12) ...
[Nightlights] 2022-07 done
[Nightlights] 2022-08 (8/12) ...
[Nightlights] 2022-08 done
[Nightlights] 2022-09 (9/12) ...
[Nightlights] 2022-09 done
[Nightlights] 2022-10 (10/12) ...
[Nightlights] 2022-10 done
[Nightlights] 2022-11 (11/12) ...
[Nightlights] 2022-11 done
[Nightlights] 2022-12 (12/12) ...
[Nightlights] 2022-12 done
wrote 12 nightlights monthly GeoTIFFs
2026-04-30T17:59:50 [15/26] DONE Nightlights 2022
2026-04-30T17:59:50 [16/26] START Population 2022
2026-04-30T17:59:51 CMD python -m src.ingestion.population_ingest --city Hyderabad --bbox '78.20,17.20,78.70,17.65' --start-date 2022-01-01 --end-date 2022-12-31 --scale 100
[Population] 2022 (1/1) ...
[Population] 2022 skip (no data)
wrote 0 population annual GeoTIFFs
2026-04-30T18:00:02 [16/26] DONE Population 2022
2026-04-30T18:00:02 [17/26] START Sentinel1 2023
2026-04-30T18:00:02 CMD python -m src.ingestion.sentinel1_ingest --city Hyderabad --bbox '78.20,17.20,78.70,17.65' --start-date 2023-01-01 --end-date 2023-12-31 --scale 20
[Sentinel1] 2023-01 (1/12) ...
[Sentinel1] 2023-01 done
[Sentinel1] 2023-02 (2/12) ...
[Sentinel1] 2023-02 done
[Sentinel1] 2023-03 (3/12) ...
[Sentinel1] 2023-03 done
[Sentinel1] 2023-04 (4/12) ...
[Sentinel1] 2023-04 done
[Sentinel1] 2023-05 (5/12) ...
[Sentinel1] 2023-05 done
[Sentinel1] 2023-06 (6/12) ...
[Sentinel1] 2023-06 done
[Sentinel1] 2023-07 (7/12) ...
[Sentinel1] 2023-07 done
[Sentinel1] 2023-08 (8/12) ...
[Sentinel1] 2023-08 done
[Sentinel1] 2023-09 (9/12) ...
[Sentinel1] 2023-09 done
[Sentinel1] 2023-10 (10/12) ...
[Sentinel1] 2023-10 done
[Sentinel1] 2023-11 (11/12) ...
[Sentinel1] 2023-11 done
[Sentinel1] 2023-12 (12/12) ...
[Sentinel1] 2023-12 done
wrote 12 sentinel1 monthly GeoTIFFs
2026-04-30T18:03:52 [17/26] DONE Sentinel1 2023
2026-04-30T18:03:52 [18/26] START Sentinel2 2023
2026-04-30T18:03:52 CMD python -m src.ingestion.sentinel2_ingest --city Hyderabad --bbox '78.20,17.20,78.70,17.65' --start-date 2023-01-01 --end-date 2023-12-31 --max-cloud 40 --scale 20
[Sentinel2] 2023-01 (1/12) ...
[Sentinel2] 2023-01 done
[Sentinel2] 2023-02 (2/12) ...
[Sentinel2] 2023-02 done
[Sentinel2] 2023-03 (3/12) ...
[Sentinel2] 2023-03 done
[Sentinel2] 2023-04 (4/12) ...
[Sentinel2] 2023-04 done
[Sentinel2] 2023-05 (5/12) ...
[Sentinel2] 2023-05 done
[Sentinel2] 2023-06 (6/12) ...
[Sentinel2] 2023-06 done
[Sentinel2] 2023-07 (7/12) ...
[Sentinel2] 2023-07 done
[Sentinel2] 2023-08 (8/12) ...
[Sentinel2] 2023-08 done
[Sentinel2] 2023-09 (9/12) ...
[Sentinel2] 2023-09 done
[Sentinel2] 2023-10 (10/12) ...
[Sentinel2] 2023-10 done
[Sentinel2] 2023-11 (11/12) ...
[Sentinel2] 2023-11 done
[Sentinel2] 2023-12 (12/12) ...
[Sentinel2] 2023-12 done
wrote 12 sentinel2 monthly GeoTIFFs
2026-04-30T18:16:02 [18/26] DONE Sentinel2 2023
2026-04-30T18:16:02 [19/26] START Landsat 2023
2026-04-30T18:16:02 CMD python -m src.ingestion.landsat_ingest --city Hyderabad --bbox '78.20,17.20,78.70,17.65' --start-date 2023-01-01 --end-date 2023-12-31 --max-cloud 50 --scale 30
[Landsat] 2023-01 (1/12) ...
[Landsat] 2023-01 done
[Landsat] 2023-02 (2/12) ...
[Landsat] 2023-02 done
[Landsat] 2023-03 (3/12) ...
[Landsat] 2023-03 done
[Landsat] 2023-04 (4/12) ...
[Landsat] 2023-04 done
[Landsat] 2023-05 (5/12) ...
[Landsat] 2023-05 done
[Landsat] 2023-06 (6/12) ...
[Landsat] 2023-06 done
[Landsat] 2023-07 (7/12) ...
[Landsat] 2023-07 done
[Landsat] 2023-08 (8/12) ...
[Landsat] 2023-08 done
[Landsat] 2023-09 (9/12) ...
[Landsat] 2023-09 skip (no scenes)
[Landsat] 2023-10 (10/12) ...
[Landsat] 2023-10 done
[Landsat] 2023-11 (11/12) ...
[Landsat] 2023-11 done
[Landsat] 2023-12 (12/12) ...
[Landsat] 2023-12 done
wrote 11 landsat monthly GeoTIFFs
2026-04-30T18:18:01 [19/26] DONE Landsat 2023
2026-04-30T18:18:01 [20/26] START Nightlights 2023
2026-04-30T18:18:01 CMD python -m src.ingestion.nightlights_ingest --city Hyderabad --bbox '78.20,17.20,78.70,17.65' --start-date 2023-01-01 --end-date 2023-12-31 --scale 500
[Nightlights] 2023-01 (1/12) ...
[Nightlights] 2023-01 done
[Nightlights] 2023-02 (2/12) ...
[Nightlights] 2023-02 done
[Nightlights] 2023-03 (3/12) ...
[Nightlights] 2023-03 done
[Nightlights] 2023-04 (4/12) ...
[Nightlights] 2023-04 done
[Nightlights] 2023-05 (5/12) ...
[Nightlights] 2023-05 done
[Nightlights] 2023-06 (6/12) ...
[Nightlights] 2023-06 done
[Nightlights] 2023-07 (7/12) ...
[Nightlights] 2023-07 done
[Nightlights] 2023-08 (8/12) ...
[Nightlights] 2023-08 done
[Nightlights] 2023-09 (9/12) ...
[Nightlights] 2023-09 done
[Nightlights] 2023-10 (10/12) ...
[Nightlights] 2023-10 done
[Nightlights] 2023-11 (11/12) ...
[Nightlights] 2023-11 done
[Nightlights] 2023-12 (12/12) ...
[Nightlights] 2023-12 done
wrote 12 nightlights monthly GeoTIFFs
2026-04-30T18:18:58 [20/26] DONE Nightlights 2023
2026-04-30T18:18:58 [21/26] START Population 2023
2026-04-30T18:18:58 CMD python -m src.ingestion.population_ingest --city Hyderabad --bbox '78.20,17.20,78.70,17.65' --start-date 2023-01-01 --end-date 2023-12-31 --scale 100
[Population] 2023 (1/1) ...
[Population] 2023 skip (no data)
wrote 0 population annual GeoTIFFs
2026-04-30T18:19:04 [21/26] DONE Population 2023
2026-04-30T18:19:04 [22/26] START Sentinel1 2024
2026-04-30T18:19:04 CMD python -m src.ingestion.sentinel1_ingest --city Hyderabad --bbox '78.20,17.20,78.70,17.65' --start-date 2024-01-01 --end-date 2024-12-31 --scale 20
[Sentinel1] 2024-01 (1/12) ...
[Sentinel1] 2024-01 done
[Sentinel1] 2024-02 (2/12) ...
[Sentinel1] 2024-02 done
[Sentinel1] 2024-03 (3/12) ...
[Sentinel1] 2024-03 done
[Sentinel1] 2024-04 (4/12) ...
[Sentinel1] 2024-04 done
[Sentinel1] 2024-05 (5/12) ...
[Sentinel1] 2024-05 done
[Sentinel1] 2024-06 (6/12) ...
[Sentinel1] 2024-06 done
[Sentinel1] 2024-07 (7/12) ...
[Sentinel1] 2024-07 done
[Sentinel1] 2024-08 (8/12) ...
[Sentinel1] 2024-08 done
[Sentinel1] 2024-09 (9/12) ...
[Sentinel1] 2024-09 done
[Sentinel1] 2024-10 (10/12) ...
[Sentinel1] 2024-10 done
[Sentinel1] 2024-11 (11/12) ...
[Sentinel1] 2024-11 done
[Sentinel1] 2024-12 (12/12) ...
[Sentinel1] 2024-12 done
wrote 12 sentinel1 monthly GeoTIFFs
2026-04-30T18:30:17 [22/26] DONE Sentinel1 2024
2026-04-30T18:30:17 [23/26] START Sentinel2 2024
2026-04-30T18:30:17 CMD python -m src.ingestion.sentinel2_ingest --city Hyderabad --bbox '78.20,17.20,78.70,17.65' --start-date 2024-01-01 --end-date 2024-12-31 --max-cloud 40 --scale 20
[Sentinel2] 2024-01 (1/12) ...
[Sentinel2] 2024-01 done
[Sentinel2] 2024-02 (2/12) ...
[Sentinel2] 2024-02 done
[Sentinel2] 2024-03 (3/12) ...
[Sentinel2] 2024-03 done
[Sentinel2] 2024-04 (4/12) ...
[Sentinel2] 2024-04 done
[Sentinel2] 2024-05 (5/12) ...
[Sentinel2] 2024-05 done
[Sentinel2] 2024-06 (6/12) ...
[Sentinel2] 2024-06 done
[Sentinel2] 2024-07 (7/12) ...
[Sentinel2] 2024-07 done
[Sentinel2] 2024-08 (8/12) ...
[Sentinel2] 2024-08 skip (no scenes)
[Sentinel2] 2024-09 (9/12) ...
[Sentinel2] 2024-09 done
[Sentinel2] 2024-10 (10/12) ...
[Sentinel2] 2024-10 done
[Sentinel2] 2024-11 (11/12) ...
[Sentinel2] 2024-11 done
[Sentinel2] 2024-12 (12/12) ...
[Sentinel2] 2024-12 done
wrote 11 sentinel2 monthly GeoTIFFs
2026-04-30T18:45:16 [23/26] DONE Sentinel2 2024
2026-04-30T18:45:16 [24/26] START Landsat 2024
2026-04-30T18:45:16 CMD python -m src.ingestion.landsat_ingest --city Hyderabad --bbox '78.20,17.20,78.70,17.65' --start-date 2024-01-01 --end-date 2024-12-31 --max-cloud 50 --scale 30
[Landsat] 2024-01 (1/12) ...
[Landsat] 2024-01 done
[Landsat] 2024-02 (2/12) ...
[Landsat] 2024-02 done
[Landsat] 2024-03 (3/12) ...
[Landsat] 2024-03 done
[Landsat] 2024-04 (4/12) ...
[Landsat] 2024-04 done
[Landsat] 2024-05 (5/12) ...
[Landsat] 2024-05 done
[Landsat] 2024-06 (6/12) ...
[Landsat] 2024-06 done
[Landsat] 2024-07 (7/12) ...
[Landsat] 2024-07 skip (no scenes)
[Landsat] 2024-08 (8/12) ...
[Landsat] 2024-08 skip (no scenes)
[Landsat] 2024-09 (9/12) ...
[Landsat] 2024-09 done
[Landsat] 2024-10 (10/12) ...
[Landsat] 2024-10 done
[Landsat] 2024-11 (11/12) ...
[Landsat] 2024-11 done
[Landsat] 2024-12 (12/12) ...
[Landsat] 2024-12 done
wrote 10 landsat monthly GeoTIFFs
2026-04-30T18:48:44 [24/26] DONE Landsat 2024
2026-04-30T18:48:44 [25/26] START Nightlights 2024
2026-04-30T18:48:44 CMD python -m src.ingestion.nightlights_ingest --city Hyderabad --bbox '78.20,17.20,78.70,17.65' --start-date 2024-01-01 --end-date 2024-12-31 --scale 500
[Nightlights] 2024-01 (1/12) ...
[Nightlights] 2024-01 done
[Nightlights] 2024-02 (2/12) ...
[Nightlights] 2024-02 done
[Nightlights] 2024-03 (3/12) ...
[Nightlights] 2024-03 done
[Nightlights] 2024-04 (4/12) ...
[Nightlights] 2024-04 done
[Nightlights] 2024-05 (5/12) ...
[Nightlights] 2024-05 done
[Nightlights] 2024-06 (6/12) ...
[Nightlights] 2024-06 done
[Nightlights] 2024-07 (7/12) ...
[Nightlights] 2024-07 done
[Nightlights] 2024-08 (8/12) ...
[Nightlights] 2024-08 done
[Nightlights] 2024-09 (9/12) ...
[Nightlights] 2024-09 done
[Nightlights] 2024-10 (10/12) ...
[Nightlights] 2024-10 done
[Nightlights] 2024-11 (11/12) ...
[Nightlights] 2024-11 done
[Nightlights] 2024-12 (12/12) ...
[Nightlights] 2024-12 done
wrote 12 nightlights monthly GeoTIFFs
2026-04-30T18:49:34 [25/26] DONE Nightlights 2024
2026-04-30T18:49:34 [26/26] START Population 2024
2026-04-30T18:49:34 CMD python -m src.ingestion.population_ingest --city Hyderabad --bbox '78.20,17.20,78.70,17.65' --start-date 2024-01-01 --end-date 2024-12-31 --scale 100
[Population] 2024 (1/1) ...
[Population] 2024 skip (no data)
wrote 0 population annual GeoTIFFs
2026-04-30T18:49:44 [26/26] DONE Population 2024
2026-04-30T18:49:44 Fresh ingestion complete. Log file: data\logs\fresh_ingest_20260430_165840.log
