2026-02-25T22:53:59 [1/25] START Sentinel1 2020
2026-02-25T22:53:59 CMD python -m src.ingestion.sentinel1_ingest --city Bengaluru --bbox '77.45,12.8,77.75,13.1' --start-date 2020-01-01 --end-date 2020-12-31 --scale 20
[Sentinel1] 2020-01 (1/12) ...
[Sentinel1] 2020-01 skip (exists)
[Sentinel1] 2020-02 (2/12) ...
[Sentinel1] 2020-02 skip (exists)
[Sentinel1] 2020-03 (3/12) ...
[Sentinel1] 2020-03 skip (exists)
[Sentinel1] 2020-04 (4/12) ...
[Sentinel1] 2020-04 skip (exists)
[Sentinel1] 2020-05 (5/12) ...
[Sentinel1] 2020-05 skip (exists)
[Sentinel1] 2020-06 (6/12) ...
[Sentinel1] 2020-06 skip (exists)
[Sentinel1] 2020-07 (7/12) ...
[Sentinel1] 2020-07 skip (exists)
[Sentinel1] 2020-08 (8/12) ...
[Sentinel1] 2020-08 skip (exists)
[Sentinel1] 2020-09 (9/12) ...
[Sentinel1] 2020-09 skip (exists)
[Sentinel1] 2020-10 (10/12) ...
[Sentinel1] 2020-10 skip (exists)
[Sentinel1] 2020-11 (11/12) ...
[Sentinel1] 2020-11 skip (exists)
[Sentinel1] 2020-12 (12/12) ...
[Sentinel1] 2020-12 skip (exists)
wrote 12 sentinel1 monthly GeoTIFFs
2026-02-25T22:54:34 [1/25] DONE Sentinel1 2020
2026-02-25T22:54:34 [2/25] START Sentinel2 2020
2026-02-25T22:54:34 CMD python -m src.ingestion.sentinel2_ingest --city Bengaluru --bbox '77.45,12.8,77.75,13.1' --start-date 2020-01-01 --end-date 2020-12-31 --max-cloud 40 --scale 30
[Sentinel2] 2020-01 (1/12) ...
[Sentinel2] 2020-01 skip (exists)
[Sentinel2] 2020-02 (2/12) ...
[Sentinel2] 2020-02 skip (exists)
[Sentinel2] 2020-03 (3/12) ...
[Sentinel2] 2020-03 skip (exists)
[Sentinel2] 2020-04 (4/12) ...
[Sentinel2] 2020-04 skip (exists)
[Sentinel2] 2020-05 (5/12) ...
[Sentinel2] 2020-05 skip (exists)
[Sentinel2] 2020-06 (6/12) ...
[Sentinel2] 2020-06 skip (no scenes)
[Sentinel2] 2020-07 (7/12) ...
[Sentinel2] 2020-07 skip (exists)
[Sentinel2] 2020-08 (8/12) ...
[Sentinel2] 2020-08 skip (no scenes)
[Sentinel2] 2020-09 (9/12) ...
[Sentinel2] 2020-09 skip (no scenes)
[Sentinel2] 2020-10 (10/12) ...
[Sentinel2] 2020-10 skip (exists)
[Sentinel2] 2020-11 (11/12) ...
[Sentinel2] 2020-11 skip (exists)
[Sentinel2] 2020-12 (12/12) ...
[Sentinel2] 2020-12 skip (exists)
wrote 9 sentinel2 monthly GeoTIFFs
2026-02-25T22:54:56 [2/25] DONE Sentinel2 2020
2026-02-25T22:54:57 [3/25] START Landsat 2020
2026-02-25T22:54:57 CMD python -m src.ingestion.landsat_ingest --city Bengaluru --bbox '77.45,12.8,77.75,13.1' --start-date 2020-01-01 --end-date 2020-12-31 --max-cloud 50 --scale 60
[Landsat] 2020-01 (1/12) ...
[Landsat] 2020-01 skip (exists)
[Landsat] 2020-02 (2/12) ...
[Landsat] 2020-02 skip (exists)
[Landsat] 2020-03 (3/12) ...
[Landsat] 2020-03 skip (exists)
[Landsat] 2020-04 (4/12) ...
[Landsat] 2020-04 skip (exists)
[Landsat] 2020-05 (5/12) ...
[Landsat] 2020-05 skip (exists)
[Landsat] 2020-06 (6/12) ...
[Landsat] 2020-06 skip (no scenes)
[Landsat] 2020-07 (7/12) ...
[Landsat] 2020-07 skip (exists)
[Landsat] 2020-08 (8/12) ...
[Landsat] 2020-08 skip (no scenes)
[Landsat] 2020-09 (9/12) ...
[Landsat] 2020-09 skip (exists)
[Landsat] 2020-10 (10/12) ...
[Landsat] 2020-10 skip (exists)
[Landsat] 2020-11 (11/12) ...
[Landsat] 2020-11 skip (exists)
[Landsat] 2020-12 (12/12) ...
[Landsat] 2020-12 skip (exists)
wrote 10 landsat monthly GeoTIFFs
2026-02-25T22:55:36 [3/25] DONE Landsat 2020
2026-02-25T22:55:36 [4/25] START Nightlights 2020
2026-02-25T22:55:36 CMD python -m src.ingestion.nightlights_ingest --city Bengaluru --bbox '77.45,12.8,77.75,13.1' --start-date 2020-01-01 --end-date 2020-12-31 --scale 500
[Nightlights] 2020-01 (1/12) ...
[Nightlights] 2020-01 skip (exists)
[Nightlights] 2020-02 (2/12) ...
[Nightlights] 2020-02 skip (exists)
[Nightlights] 2020-03 (3/12) ...
[Nightlights] 2020-03 skip (exists)
[Nightlights] 2020-04 (4/12) ...
[Nightlights] 2020-04 skip (exists)
[Nightlights] 2020-05 (5/12) ...
[Nightlights] 2020-05 skip (exists)
[Nightlights] 2020-06 (6/12) ...
[Nightlights] 2020-06 skip (exists)
[Nightlights] 2020-07 (7/12) ...
[Nightlights] 2020-07 skip (exists)
[Nightlights] 2020-08 (8/12) ...
[Nightlights] 2020-08 skip (exists)
[Nightlights] 2020-09 (9/12) ...
[Nightlights] 2020-09 skip (exists)
[Nightlights] 2020-10 (10/12) ...
[Nightlights] 2020-10 skip (exists)
[Nightlights] 2020-11 (11/12) ...
[Nightlights] 2020-11 skip (exists)
[Nightlights] 2020-12 (12/12) ...
[Nightlights] 2020-12 skip (exists)
wrote 12 nightlights monthly GeoTIFFs
2026-02-25T22:55:54 [4/25] DONE Nightlights 2020
2026-02-25T22:55:54 [5/25] START Population 2020
2026-02-25T22:55:54 CMD python -m src.ingestion.population_ingest --city Bengaluru --bbox '77.45,12.8,77.75,13.1' --start-date 2020-01-01 --end-date 2020-12-31 --scale 100
[Population] 2020 (1/1) ...
[Population] 2020 skip (exists)
wrote 1 population annual GeoTIFFs
2026-02-25T22:56:05 [5/25] DONE Population 2020
2026-02-25T22:56:05 [6/25] START Sentinel1 2021
2026-02-25T22:56:05 CMD python -m src.ingestion.sentinel1_ingest --city Bengaluru --bbox '77.45,12.8,77.75,13.1' --start-date 2021-01-01 --end-date 2021-12-31 --scale 20
[Sentinel1] 2021-01 (1/12) ...
[Sentinel1] 2021-01 skip (exists)
[Sentinel1] 2021-02 (2/12) ...
[Sentinel1] 2021-02 skip (exists)
[Sentinel1] 2021-03 (3/12) ...
[Sentinel1] 2021-03 skip (exists)
[Sentinel1] 2021-04 (4/12) ...
[Sentinel1] 2021-04 skip (exists)
[Sentinel1] 2021-05 (5/12) ...
[Sentinel1] 2021-05 skip (exists)
[Sentinel1] 2021-06 (6/12) ...
[Sentinel1] 2021-06 skip (exists)
[Sentinel1] 2021-07 (7/12) ...
[Sentinel1] 2021-07 skip (exists)
[Sentinel1] 2021-08 (8/12) ...
[Sentinel1] 2021-08 skip (exists)
[Sentinel1] 2021-09 (9/12) ...
[Sentinel1] 2021-09 skip (exists)
[Sentinel1] 2021-10 (10/12) ...
[Sentinel1] 2021-10 skip (exists)
[Sentinel1] 2021-11 (11/12) ...
[Sentinel1] 2021-11 skip (exists)
[Sentinel1] 2021-12 (12/12) ...
[Sentinel1] 2021-12 skip (exists)
wrote 12 sentinel1 monthly GeoTIFFs
2026-02-25T22:56:29 [6/25] DONE Sentinel1 2021
2026-02-25T22:56:29 [7/25] START Sentinel2 2021
2026-02-25T22:56:29 CMD python -m src.ingestion.sentinel2_ingest --city Bengaluru --bbox '77.45,12.8,77.75,13.1' --start-date 2021-01-01 --end-date 2021-12-31 --max-cloud 40 --scale 30
[Sentinel2] 2021-01 (1/12) ...
[Sentinel2] 2021-01 skip (exists)
[Sentinel2] 2021-02 (2/12) ...
[Sentinel2] 2021-02 skip (exists)
[Sentinel2] 2021-03 (3/12) ...
[Sentinel2] 2021-03 skip (exists)
[Sentinel2] 2021-04 (4/12) ...
[Sentinel2] 2021-04 skip (exists)
[Sentinel2] 2021-05 (5/12) ...
[Sentinel2] 2021-05 skip (exists)
[Sentinel2] 2021-06 (6/12) ...
[Sentinel2] 2021-06 skip (exists)
[Sentinel2] 2021-07 (7/12) ...
[Sentinel2] 2021-07 skip (no scenes)
[Sentinel2] 2021-08 (8/12) ...
[Sentinel2] 2021-08 skip (no scenes)
[Sentinel2] 2021-09 (9/12) ...
[Sentinel2] 2021-09 skip (no scenes)
[Sentinel2] 2021-10 (10/12) ...
[Sentinel2] 2021-10 skip (no scenes)
[Sentinel2] 2021-11 (11/12) ...
[Sentinel2] 2021-11 skip (no scenes)
[Sentinel2] 2021-12 (12/12) ...
[Sentinel2] 2021-12 skip (exists)
wrote 7 sentinel2 monthly GeoTIFFs
2026-02-25T22:56:54 [7/25] DONE Sentinel2 2021
2026-02-25T22:56:54 [8/25] START Landsat 2021
2026-02-25T22:56:54 CMD python -m src.ingestion.landsat_ingest --city Bengaluru --bbox '77.45,12.8,77.75,13.1' --start-date 2021-01-01 --end-date 2021-12-31 --max-cloud 50 --scale 60
[Landsat] 2021-01 (1/12) ...
[Landsat] 2021-01 skip (exists)
[Landsat] 2021-02 (2/12) ...
[Landsat] 2021-02 skip (exists)
[Landsat] 2021-03 (3/12) ...
[Landsat] 2021-03 skip (exists)
[Landsat] 2021-04 (4/12) ...
[Landsat] 2021-04 skip (exists)
[Landsat] 2021-05 (5/12) ...
[Landsat] 2021-05 skip (exists)
[Landsat] 2021-06 (6/12) ...
[Landsat] 2021-06 skip (no scenes)
[Landsat] 2021-07 (7/12) ...
[Landsat] 2021-07 skip (no scenes)
[Landsat] 2021-08 (8/12) ...
[Landsat] 2021-08 skip (exists)
[Landsat] 2021-09 (9/12) ...
[Landsat] 2021-09 skip (no scenes)
[Landsat] 2021-10 (10/12) ...
[Landsat] 2021-10 skip (no scenes)
[Landsat] 2021-11 (11/12) ...
[Landsat] 2021-11 skip (no scenes)
[Landsat] 2021-12 (12/12) ...
[Landsat] 2021-12 skip (exists)
wrote 7 landsat monthly GeoTIFFs
2026-02-25T22:57:14 [8/25] DONE Landsat 2021
2026-02-25T22:57:14 [9/25] START Nightlights 2021
2026-02-25T22:57:14 CMD python -m src.ingestion.nightlights_ingest --city Bengaluru --bbox '77.45,12.8,77.75,13.1' --start-date 2021-01-01 --end-date 2021-12-31 --scale 500
[Nightlights] 2021-01 (1/12) ...
[Nightlights] 2021-01 skip (exists)
[Nightlights] 2021-02 (2/12) ...
[Nightlights] 2021-02 skip (exists)
[Nightlights] 2021-03 (3/12) ...
[Nightlights] 2021-03 skip (exists)
[Nightlights] 2021-04 (4/12) ...
[Nightlights] 2021-04 skip (exists)
[Nightlights] 2021-05 (5/12) ...
[Nightlights] 2021-05 skip (exists)
[Nightlights] 2021-06 (6/12) ...
[Nightlights] 2021-06 skip (exists)
[Nightlights] 2021-07 (7/12) ...
[Nightlights] 2021-07 skip (exists)
[Nightlights] 2021-08 (8/12) ...
[Nightlights] 2021-08 skip (exists)
[Nightlights] 2021-09 (9/12) ...
[Nightlights] 2021-09 skip (exists)
[Nightlights] 2021-10 (10/12) ...
[Nightlights] 2021-10 skip (exists)
[Nightlights] 2021-11 (11/12) ...
[Nightlights] 2021-11 skip (exists)
[Nightlights] 2021-12 (12/12) ...
[Nightlights] 2021-12 skip (exists)
wrote 12 nightlights monthly GeoTIFFs
2026-02-25T22:57:34 [9/25] DONE Nightlights 2021
2026-02-25T22:57:34 [10/25] START Population 2021
2026-02-25T22:57:34 CMD python -m src.ingestion.population_ingest --city Bengaluru --bbox '77.45,12.8,77.75,13.1' --start-date 2021-01-01 --end-date 2021-12-31 --scale 100
[Population] 2021 (1/1) ...
[Population] 2021 skip (no data)
wrote 0 population annual GeoTIFFs
2026-02-25T22:57:49 [10/25] DONE Population 2021
2026-02-25T22:57:49 [11/25] START Sentinel1 2022
2026-02-25T22:57:49 CMD python -m src.ingestion.sentinel1_ingest --city Bengaluru --bbox '77.45,12.8,77.75,13.1' --start-date 2022-01-01 --end-date 2022-12-31 --scale 20
[Sentinel1] 2022-01 (1/12) ...
[Sentinel1] 2022-01 skip (exists)
[Sentinel1] 2022-02 (2/12) ...
[Sentinel1] 2022-02 skip (exists)
[Sentinel1] 2022-03 (3/12) ...
[Sentinel1] 2022-03 skip (exists)
[Sentinel1] 2022-04 (4/12) ...
[Sentinel1] 2022-04 skip (exists)
[Sentinel1] 2022-05 (5/12) ...
[Sentinel1] 2022-05 skip (exists)
[Sentinel1] 2022-06 (6/12) ...
[Sentinel1] 2022-06 skip (exists)
[Sentinel1] 2022-07 (7/12) ...
[Sentinel1] 2022-07 skip (exists)
[Sentinel1] 2022-08 (8/12) ...
[Sentinel1] 2022-08 skip (exists)
[Sentinel1] 2022-09 (9/12) ...
[Sentinel1] 2022-09 skip (exists)
[Sentinel1] 2022-10 (10/12) ...
[Sentinel1] 2022-10 skip (exists)
[Sentinel1] 2022-11 (11/12) ...
[Sentinel1] 2022-11 skip (exists)
[Sentinel1] 2022-12 (12/12) ...
[Sentinel1] 2022-12 skip (exists)
wrote 12 sentinel1 monthly GeoTIFFs
2026-02-25T22:58:50 [11/25] DONE Sentinel1 2022
2026-02-25T22:58:50 [12/25] START Sentinel2 2022
2026-02-25T22:58:50 CMD python -m src.ingestion.sentinel2_ingest --city Bengaluru --bbox '77.45,12.8,77.75,13.1' --start-date 2022-01-01 --end-date 2022-12-31 --max-cloud 40 --scale 30
[Sentinel2] 2022-01 (1/12) ...
[Sentinel2] 2022-01 skip (exists)
[Sentinel2] 2022-02 (2/12) ...
[Sentinel2] 2022-02 skip (exists)
[Sentinel2] 2022-03 (3/12) ...
[Sentinel2] 2022-03 skip (exists)
[Sentinel2] 2022-04 (4/12) ...
[Sentinel2] 2022-04 skip (exists)
[Sentinel2] 2022-05 (5/12) ...
[Sentinel2] 2022-05 skip (exists)
[Sentinel2] 2022-06 (6/12) ...
[Sentinel2] 2022-06 skip (no scenes)
[Sentinel2] 2022-07 (7/12) ...
[Sentinel2] 2022-07 skip (no scenes)
[Sentinel2] 2022-08 (8/12) ...
[Sentinel2] 2022-08 skip (exists)
[Sentinel2] 2022-09 (9/12) ...
[Sentinel2] 2022-09 skip (exists)
[Sentinel2] 2022-10 (10/12) ...
[Sentinel2] 2022-10 skip (exists)
[Sentinel2] 2022-11 (11/12) ...
[Sentinel2] 2022-11 skip (exists)
[Sentinel2] 2022-12 (12/12) ...
[Sentinel2] 2022-12 skip (exists)
wrote 10 sentinel2 monthly GeoTIFFs
2026-02-25T23:00:26 [12/25] DONE Sentinel2 2022
2026-02-25T23:00:26 [13/25] START Landsat 2022
2026-02-25T23:00:26 CMD python -m src.ingestion.landsat_ingest --city Bengaluru --bbox '77.45,12.8,77.75,13.1' --start-date 2022-01-01 --end-date 2022-12-31 --max-cloud 50 --scale 60
[Landsat] 2022-01 (1/12) ...
[Landsat] 2022-01 skip (exists)
[Landsat] 2022-02 (2/12) ...
[Landsat] 2022-02 skip (exists)
[Landsat] 2022-03 (3/12) ...
[Landsat] 2022-03 skip (exists)
[Landsat] 2022-04 (4/12) ...
[Landsat] 2022-04 skip (exists)
[Landsat] 2022-05 (5/12) ...
[Landsat] 2022-05 skip (exists)
[Landsat] 2022-06 (6/12) ...
[Landsat] 2022-06 done
[Landsat] 2022-07 (7/12) ...
[Landsat] 2022-07 skip (no scenes)
[Landsat] 2022-08 (8/12) ...
[Landsat] 2022-08 skip (no scenes)
[Landsat] 2022-09 (9/12) ...
[Landsat] 2022-09 done
[Landsat] 2022-10 (10/12) ...
[Landsat] 2022-10 done
[Landsat] 2022-11 (11/12) ...
[Landsat] 2022-11 done
[Landsat] 2022-12 (12/12) ...
[Landsat] 2022-12 done
wrote 10 landsat monthly GeoTIFFs
2026-02-25T23:01:27 [13/25] DONE Landsat 2022
2026-02-25T23:01:28 [14/25] START Nightlights 2022
2026-02-25T23:01:28 CMD python -m src.ingestion.nightlights_ingest --city Bengaluru --bbox '77.45,12.8,77.75,13.1' --start-date 2022-01-01 --end-date 2022-12-31 --scale 500
[Nightlights] 2022-01 (1/12) ...
[Nightlights] 2022-01 done
[Nightlights] 2022-02 (2/12) ...
[Nightlights] 2022-02 done
[Nightlights] 2022-03 (3/12) ...
[Nightlights] 2022-03 done
[Nightlights] 2022-04 (4/12) ...
[Nightlights] 2022-04 done
[Nightlights] 2022-05 (5/12) ...
[Nightlights] 2022-05 done
[Nightlights] 2022-06 (6/12) ...
[Nightlights] 2022-06 done
[Nightlights] 2022-07 (7/12) ...
[Nightlights] 2022-07 done
[Nightlights] 2022-08 (8/12) ...
[Nightlights] 2022-08 done
[Nightlights] 2022-09 (9/12) ...
[Nightlights] 2022-09 done
[Nightlights] 2022-10 (10/12) ...
[Nightlights] 2022-10 done
[Nightlights] 2022-11 (11/12) ...
[Nightlights] 2022-11 done
[Nightlights] 2022-12 (12/12) ...
[Nightlights] 2022-12 done
wrote 12 nightlights monthly GeoTIFFs
2026-02-25T23:02:31 [14/25] DONE Nightlights 2022
2026-02-25T23:02:31 [15/25] START Population 2022
2026-02-25T23:02:31 CMD python -m src.ingestion.population_ingest --city Bengaluru --bbox '77.45,12.8,77.75,13.1' --start-date 2022-01-01 --end-date 2022-12-31 --scale 100
[Population] 2022 (1/1) ...
[Population] 2022 skip (no data)
wrote 0 population annual GeoTIFFs
2026-02-25T23:02:40 [15/25] DONE Population 2022
2026-02-25T23:02:40 [16/25] START Sentinel1 2023
2026-02-25T23:02:40 CMD python -m src.ingestion.sentinel1_ingest --city Bengaluru --bbox '77.45,12.8,77.75,13.1' --start-date 2023-01-01 --end-date 2023-12-31 --scale 20
[Sentinel1] 2023-01 (1/12) ...
[Sentinel1] 2023-01 done
[Sentinel1] 2023-02 (2/12) ...
[Sentinel1] 2023-02 done
[Sentinel1] 2023-03 (3/12) ...
[Sentinel1] 2023-03 done
[Sentinel1] 2023-04 (4/12) ...
[Sentinel1] 2023-04 done
[Sentinel1] 2023-05 (5/12) ...
[Sentinel1] 2023-05 done
[Sentinel1] 2023-06 (6/12) ...
[Sentinel1] 2023-06 done
[Sentinel1] 2023-07 (7/12) ...
[Sentinel1] 2023-07 done
[Sentinel1] 2023-08 (8/12) ...
[Sentinel1] 2023-08 done
[Sentinel1] 2023-09 (9/12) ...
[Sentinel1] 2023-09 skip (exists)
[Sentinel1] 2023-10 (10/12) ...
[Sentinel1] 2023-10 done
[Sentinel1] 2023-11 (11/12) ...
[Sentinel1] 2023-11 skip (exists)
[Sentinel1] 2023-12 (12/12) ...
[Sentinel1] 2023-12 done
wrote 12 sentinel1 monthly GeoTIFFs
2026-02-25T23:05:37 [16/25] DONE Sentinel1 2023
2026-02-25T23:05:37 [17/25] START Sentinel2 2023
2026-02-25T23:05:37 CMD python -m src.ingestion.sentinel2_ingest --city Bengaluru --bbox '77.45,12.8,77.75,13.1' --start-date 2023-01-01 --end-date 2023-12-31 --max-cloud 40 --scale 30
[Sentinel2] 2023-01 (1/12) ...
[Sentinel2] 2023-01 done
[Sentinel2] 2023-02 (2/12) ...
[Sentinel2] 2023-02 done
[Sentinel2] 2023-03 (3/12) ...
[Sentinel2] 2023-03 done
[Sentinel2] 2023-04 (4/12) ...
[Sentinel2] 2023-04 done
[Sentinel2] 2023-05 (5/12) ...
[Sentinel2] 2023-05 done
[Sentinel2] 2023-06 (6/12) ...
[Sentinel2] 2023-06 skip (no scenes)
[Sentinel2] 2023-07 (7/12) ...
[Sentinel2] 2023-07 skip (no scenes)
[Sentinel2] 2023-08 (8/12) ...
[Sentinel2] 2023-08 done
[Sentinel2] 2023-09 (9/12) ...
[Sentinel2] 2023-09 skip (no scenes)
[Sentinel2] 2023-10 (10/12) ...
[Sentinel2] 2023-10 done
[Sentinel2] 2023-11 (11/12) ...
[Sentinel2] 2023-11 done
[Sentinel2] 2023-12 (12/12) ...
[Sentinel2] 2023-12 done
wrote 9 sentinel2 monthly GeoTIFFs
2026-02-25T23:19:15 [17/25] DONE Sentinel2 2023
2026-02-25T23:19:15 [18/25] START Landsat 2023
2026-02-25T23:19:15 CMD python -m src.ingestion.landsat_ingest --city Bengaluru --bbox '77.45,12.8,77.75,13.1' --start-date 2023-01-01 --end-date 2023-12-31 --max-cloud 50 --scale 60
[Landsat] 2023-01 (1/12) ...
[Landsat] 2023-01 done
[Landsat] 2023-02 (2/12) ...
[Landsat] 2023-02 done
[Landsat] 2023-03 (3/12) ...
[Landsat] 2023-03 done
[Landsat] 2023-04 (4/12) ...
[Landsat] 2023-04 done
[Landsat] 2023-05 (5/12) ...
[Landsat] 2023-05 done
[Landsat] 2023-06 (6/12) ...
[Landsat] 2023-06 done
[Landsat] 2023-07 (7/12) ...
[Landsat] 2023-07 skip (no scenes)
[Landsat] 2023-08 (8/12) ...
[Landsat] 2023-08 done
[Landsat] 2023-09 (9/12) ...
[Landsat] 2023-09 skip (no scenes)
[Landsat] 2023-10 (10/12) ...
[Landsat] 2023-10 done
[Landsat] 2023-11 (11/12) ...
[Landsat] 2023-11 done
[Landsat] 2023-12 (12/12) ...
[Landsat] 2023-12 done
wrote 10 landsat monthly GeoTIFFs
2026-02-25T23:23:53 [18/25] DONE Landsat 2023
2026-02-25T23:23:53 [19/25] START Nightlights 2023
2026-02-25T23:23:53 CMD python -m src.ingestion.nightlights_ingest --city Bengaluru --bbox '77.45,12.8,77.75,13.1' --start-date 2023-01-01 --end-date 2023-12-31 --scale 500
[Nightlights] 2023-01 (1/12) ...
[Nightlights] 2023-01 done
[Nightlights] 2023-02 (2/12) ...
[Nightlights] 2023-02 done
[Nightlights] 2023-03 (3/12) ...
[Nightlights] 2023-03 done
[Nightlights] 2023-04 (4/12) ...
[Nightlights] 2023-04 done
[Nightlights] 2023-05 (5/12) ...
[Nightlights] 2023-05 done
[Nightlights] 2023-06 (6/12) ...
[Nightlights] 2023-06 done
[Nightlights] 2023-07 (7/12) ...
[Nightlights] 2023-07 done
[Nightlights] 2023-08 (8/12) ...
[Nightlights] 2023-08 done
[Nightlights] 2023-09 (9/12) ...
[Nightlights] 2023-09 done
[Nightlights] 2023-10 (10/12) ...
[Nightlights] 2023-10 done
[Nightlights] 2023-11 (11/12) ...
[Nightlights] 2023-11 done
[Nightlights] 2023-12 (12/12) ...
[Nightlights] 2023-12 done
wrote 12 nightlights monthly GeoTIFFs
2026-02-25T23:27:02 [19/25] DONE Nightlights 2023
2026-02-25T23:27:02 [20/25] START Population 2023
2026-02-25T23:27:02 CMD python -m src.ingestion.population_ingest --city Bengaluru --bbox '77.45,12.8,77.75,13.1' --start-date 2023-01-01 --end-date 2023-12-31 --scale 100
[Population] 2023 (1/1) ...
[Population] 2023 skip (no data)
wrote 0 population annual GeoTIFFs
2026-02-25T23:27:41 [20/25] DONE Population 2023
2026-02-25T23:27:41 [21/25] START Sentinel1 2024
2026-02-25T23:27:41 CMD python -m src.ingestion.sentinel1_ingest --city Bengaluru --bbox '77.45,12.8,77.75,13.1' --start-date 2024-01-01 --end-date 2024-12-31 --scale 20
[Sentinel1] 2024-01 (1/12) ...
[Sentinel1] 2024-01 done
[Sentinel1] 2024-02 (2/12) ...
[Sentinel1] 2024-02 done
[Sentinel1] 2024-03 (3/12) ...
[Sentinel1] 2024-03 done
[Sentinel1] 2024-04 (4/12) ...
[Sentinel1] 2024-04 done
[Sentinel1] 2024-05 (5/12) ...
[Sentinel1] 2024-05 done
[Sentinel1] 2024-06 (6/12) ...
[Sentinel1] 2024-06 done
[Sentinel1] 2024-07 (7/12) ...
[Sentinel1] 2024-07 done
[Sentinel1] 2024-08 (8/12) ...
[Sentinel1] 2024-08 done
[Sentinel1] 2024-09 (9/12) ...
[Sentinel1] 2024-09 done
[Sentinel1] 2024-10 (10/12) ...
[Sentinel1] 2024-10 done
[Sentinel1] 2024-11 (11/12) ...
[Sentinel1] 2024-11 done
[Sentinel1] 2024-12 (12/12) ...
[Sentinel1] 2024-12 done
wrote 12 sentinel1 monthly GeoTIFFs
2026-02-25T23:31:09 [21/25] DONE Sentinel1 2024
2026-02-25T23:31:09 [22/25] START Sentinel2 2024
2026-02-25T23:31:09 CMD python -m src.ingestion.sentinel2_ingest --city Bengaluru --bbox '77.45,12.8,77.75,13.1' --start-date 2024-01-01 --end-date 2024-12-31 --max-cloud 40 --scale 30
[Sentinel2] 2024-01 (1/12) ...
[Sentinel2] 2024-01 done
[Sentinel2] 2024-02 (2/12) ...
[Sentinel2] 2024-02 done
[Sentinel2] 2024-03 (3/12) ...
[Sentinel2] 2024-03 done
[Sentinel2] 2024-04 (4/12) ...
[Sentinel2] 2024-04 done
[Sentinel2] 2024-05 (5/12) ...
[Sentinel2] 2024-05 done
[Sentinel2] 2024-06 (6/12) ...
[Sentinel2] 2024-06 done
[Sentinel2] 2024-07 (7/12) ...
[Sentinel2] 2024-07 skip (no scenes)
[Sentinel2] 2024-08 (8/12) ...
[Sentinel2] 2024-08 skip (no scenes)
[Sentinel2] 2024-09 (9/12) ...
[Sentinel2] 2024-09 done
[Sentinel2] 2024-10 (10/12) ...
[Sentinel2] 2024-10 done
[Sentinel2] 2024-11 (11/12) ...
[Sentinel2] 2024-11 done
[Sentinel2] 2024-12 (12/12) ...
[Sentinel2] 2024-12 done
wrote 10 sentinel2 monthly GeoTIFFs
2026-02-25T23:38:58 [22/25] DONE Sentinel2 2024
2026-02-25T23:38:58 [23/25] START Landsat 2024
2026-02-25T23:38:58 CMD python -m src.ingestion.landsat_ingest --city Bengaluru --bbox '77.45,12.8,77.75,13.1' --start-date 2024-01-01 --end-date 2024-12-31 --max-cloud 50 --scale 60
[Landsat] 2024-01 (1/12) ...
[Landsat] 2024-01 done
[Landsat] 2024-02 (2/12) ...
[Landsat] 2024-02 done
[Landsat] 2024-03 (3/12) ...
[Landsat] 2024-03 done
[Landsat] 2024-04 (4/12) ...
[Landsat] 2024-04 done
[Landsat] 2024-05 (5/12) ...
[Landsat] 2024-05 done
[Landsat] 2024-06 (6/12) ...
[Landsat] 2024-06 skip (no scenes)
[Landsat] 2024-07 (7/12) ...
[Landsat] 2024-07 skip (no scenes)
[Landsat] 2024-08 (8/12) ...
[Landsat] 2024-08 done
[Landsat] 2024-09 (9/12) ...
[Landsat] 2024-09 done
[Landsat] 2024-10 (10/12) ...
[Landsat] 2024-10 done
[Landsat] 2024-11 (11/12) ...
[Landsat] 2024-11 done
[Landsat] 2024-12 (12/12) ...
[Landsat] 2024-12 done
wrote 10 landsat monthly GeoTIFFs
2026-02-25T23:41:37 [23/25] DONE Landsat 2024
2026-02-25T23:41:37 [24/25] START Nightlights 2024
2026-02-25T23:41:37 CMD python -m src.ingestion.nightlights_ingest --city Bengaluru --bbox '77.45,12.8,77.75,13.1' --start-date 2024-01-01 --end-date 2024-12-31 --scale 500
[Nightlights] 2024-01 (1/12) ...
[Nightlights] 2024-01 done
[Nightlights] 2024-02 (2/12) ...
[Nightlights] 2024-02 done
[Nightlights] 2024-03 (3/12) ...
[Nightlights] 2024-03 done
[Nightlights] 2024-04 (4/12) ...
[Nightlights] 2024-04 done
[Nightlights] 2024-05 (5/12) ...
[Nightlights] 2024-05 done
[Nightlights] 2024-06 (6/12) ...
[Nightlights] 2024-06 done
[Nightlights] 2024-07 (7/12) ...
[Nightlights] 2024-07 done
[Nightlights] 2024-08 (8/12) ...
[Nightlights] 2024-08 done
[Nightlights] 2024-09 (9/12) ...
[Nightlights] 2024-09 done
[Nightlights] 2024-10 (10/12) ...
[Nightlights] 2024-10 done
[Nightlights] 2024-11 (11/12) ...
[Nightlights] 2024-11 done
[Nightlights] 2024-12 (12/12) ...
[Nightlights] 2024-12 done
wrote 12 nightlights monthly GeoTIFFs
2026-02-25T23:42:59 [24/25] DONE Nightlights 2024
2026-02-25T23:42:59 [25/25] START Population 2024
2026-02-25T23:42:59 CMD python -m src.ingestion.population_ingest --city Bengaluru --bbox '77.45,12.8,77.75,13.1' --start-date 2024-01-01 --end-date 2024-12-31 --scale 100
[Population] 2024 (1/1) ...
[Population] 2024 skip (no data)
wrote 0 population annual GeoTIFFs
2026-02-25T23:43:20 [25/25] DONE Population 2024
2026-02-25T23:43:20 Fresh ingestion complete. Log file: data\logs\fresh_ingest_20260225_225358.log
